Archive member included because of file (symbol)

d:/_Dev/devkitpro/libogc/lib/wii\libwiifont.a(bmf_core.o)
                              wii_demo.o (BMF_Init)
d:/_Dev/devkitpro/libogc/lib/wii\libwiifont.a(bmf_cursor.o)
                              wii_demo.o (BMF_goto)
d:/_Dev/devkitpro/libogc/lib/wii\libwiifont.a(bmf_font.o)
                              wii_demo.o (BMF_track)
d:/_Dev/devkitpro/libogc/lib/wii\libwiifont.a(bmf_hook.o)
                              wii_demo.o (BMF_hookSet)
d:/_Dev/devkitpro/libogc/lib/wii\libwiifont.a(bmf_layout.o)
                              wii_demo.o (BMF_area)
d:/_Dev/devkitpro/libogc/lib/wii\libwiifont.a(bmf_str.o)
                              wii_demo.o (BMF_puts)
d:/_Dev/devkitpro/libogc/lib/wii\libwiifont.a(drawc_vid_grr.o)
                              d:/_Dev/devkitpro/libogc/lib/wii\libwiifont.a(bmf_core.o) (drawc_vid_grr)
d:/_Dev/devkitpro/libogc/lib/wii\libwiifont.a(drawc_vid_grr_shad.o)
                              wii_demo.o (dc_vgs_cfg)
d:/_Dev/devkitpro/libogc/lib/wii\libwiifont.a(lscroll.o)
                              wii_demo.o (lscroll_doit)
d:/_Dev/devkitpro/libogc/lib/wii\libwiifont.a(bmf_chr.o)
                              d:/_Dev/devkitpro/libogc/lib/wii\libwiifont.a(bmf_str.o) (BMF_findc)
d:/_Dev/devkitpro/libogc/lib/wii\libgrrlib.a(GRRLIB_core.o)
                              d:/_Dev/devkitpro/libogc/lib/wii\libwiifont.a(drawc_vid_grr.o) (GRRLIB_Settings)
d:/_Dev/devkitpro/libogc/lib/wii\libgrrlib.a(GRRLIB_render.o)
                              wii_demo.o (GRRLIB_Render)
d:/_Dev/devkitpro/libogc/lib/wii\libgrrlib.a(GRRLIB_texEdit.o)
                              d:/_Dev/devkitpro/libogc/lib/wii\libwiifont.a(bmf_font.o) (GRRLIB_LoadTexture)
d:/_Dev/devkitpro/libogc/lib/wii\libpngu.a(pngu.o)
                              d:/_Dev/devkitpro/libogc/lib/wii\libgrrlib.a(GRRLIB_texEdit.o) (PNGU_SelectImageFromBuffer)
d:/_Dev/devkitpro/libogc/lib/wii\libpng.a(png.o)
                              d:/_Dev/devkitpro/libogc/lib/wii\libpngu.a(pngu.o) (png_get_io_ptr)
d:/_Dev/devkitpro/libogc/lib/wii\libpng.a(pngerror.o)
                              d:/_Dev/devkitpro/libogc/lib/wii\libpng.a(png.o) (png_warning)
d:/_Dev/devkitpro/libogc/lib/wii\libpng.a(pngget.o)
                              d:/_Dev/devkitpro/libogc/lib/wii\libpngu.a(pngu.o) (png_get_rowbytes)
d:/_Dev/devkitpro/libogc/lib/wii\libpng.a(pngmem.o)
                              d:/_Dev/devkitpro/libogc/lib/wii\libpng.a(png.o) (png_free)
d:/_Dev/devkitpro/libogc/lib/wii\libpng.a(pngread.o)
                              d:/_Dev/devkitpro/libogc/lib/wii\libpngu.a(pngu.o) (png_destroy_read_struct)
d:/_Dev/devkitpro/libogc/lib/wii\libpng.a(pngrio.o)
                              d:/_Dev/devkitpro/libogc/lib/wii\libpngu.a(pngu.o) (png_set_read_fn)
d:/_Dev/devkitpro/libogc/lib/wii\libpng.a(pngrtran.o)
                              d:/_Dev/devkitpro/libogc/lib/wii\libpngu.a(pngu.o) (png_set_strip_16)
d:/_Dev/devkitpro/libogc/lib/wii\libpng.a(pngrutil.o)
                              d:/_Dev/devkitpro/libogc/lib/wii\libpng.a(pngread.o) (png_get_uint_31)
d:/_Dev/devkitpro/libogc/lib/wii\libpng.a(pngset.o)
                              d:/_Dev/devkitpro/libogc/lib/wii\libpng.a(pngrutil.o) (png_set_oFFs)
d:/_Dev/devkitpro/libogc/lib/wii\libpng.a(pngtrans.o)
                              d:/_Dev/devkitpro/libogc/lib/wii\libpng.a(pngread.o) (png_set_bgr)
d:/_Dev/devkitpro/libogc/lib/wii\libpng.a(pngwio.o)
                              d:/_Dev/devkitpro/libogc/lib/wii\libpngu.a(pngu.o) (png_set_write_fn)
d:/_Dev/devkitpro/libogc/lib/wii\libpng.a(pngwrite.o)
                              d:/_Dev/devkitpro/libogc/lib/wii\libpngu.a(pngu.o) (png_destroy_write_struct)
d:/_Dev/devkitpro/libogc/lib/wii\libpng.a(pngwtran.o)
                              d:/_Dev/devkitpro/libogc/lib/wii\libpng.a(pngwrite.o) (png_do_write_intrapixel)
d:/_Dev/devkitpro/libogc/lib/wii\libpng.a(pngwutil.o)
                              d:/_Dev/devkitpro/libogc/lib/wii\libpng.a(pngwrite.o) (png_do_write_interlace)
d:/_Dev/devkitpro/libogc/lib/wii\libjpeg.a(jmemsrc.o)
                              d:/_Dev/devkitpro/libogc/lib/wii\libgrrlib.a(GRRLIB_texEdit.o) (jpeg_memory_src)
d:/_Dev/devkitpro/libogc/lib/wii\libjpeg.a(jdapimin.o)
                              d:/_Dev/devkitpro/libogc/lib/wii\libgrrlib.a(GRRLIB_texEdit.o) (jpeg_CreateDecompress)
d:/_Dev/devkitpro/libogc/lib/wii\libjpeg.a(jdapistd.o)
                              d:/_Dev/devkitpro/libogc/lib/wii\libgrrlib.a(GRRLIB_texEdit.o) (jpeg_start_decompress)
d:/_Dev/devkitpro/libogc/lib/wii\libjpeg.a(jdinput.o)
                              d:/_Dev/devkitpro/libogc/lib/wii\libjpeg.a(jdapimin.o) (jinit_input_controller)
d:/_Dev/devkitpro/libogc/lib/wii\libjpeg.a(jdmarker.o)
                              d:/_Dev/devkitpro/libogc/lib/wii\libjpeg.a(jmemsrc.o) (jpeg_resync_to_restart)
[...]
Memory Configuration

Name             Origin             Length             Attributes
*default*        0x00000000         0xffffffff

Linker script and memory map

                0x00003400                . = 0x3400

.stub
 *(.stub)
                0x80004000                . = 0x80004000

.init           0x80004000      0x208
 *crt0.o(*.init)
 .init          0x80004000      0x1e4 d:/_Dev/devkitpro/libogc/lib/wii\libogc.a(ogc_crt0.o)
                0x8000419c                _memset
                0x80004000                _start
                0x800041cc                video_line
 *(.init)
 .init          0x800041e4        0xc d:/_dev/devkitpro/devkitppc/bin/../lib/gcc/powerpc-gekko/4.2.4/ecrti.o
                0x800041e4                __init
 .init          0x800041f0        0x4 d:/_dev/devkitpro/devkitppc/bin/../lib/gcc/powerpc-gekko/4.2.4/crtbegin.o
 .init          0x800041f4        0x4 d:/_dev/devkitpro/devkitppc/bin/../lib/gcc/powerpc-gekko/4.2.4/crtend.o
 .init          0x800041f8       0x10 d:/_dev/devkitpro/devkitppc/bin/../lib/gcc/powerpc-gekko/4.2.4/ecrtn.o

.plt
 *(.plt)

.interp
 *(.interp)

.hash
 *(.hash)

.dynsym
 *(.dynsym)

.dynstr
 *(.dynstr)

.gnu.version
 *(.gnu.version)

.gnu.version_d
 *(.gnu.version_d)

.gnu.version_r
 *(.gnu.version_r)

.rel.init
 *(.rel.init)

.rela.init      0x80004208        0x0
 *(.rela.init)
 .rela.init     0x00000000        0x0 d:/_dev/devkitpro/devkitppc/bin/../lib/gcc/powerpc-gekko/4.2.4/crtbegin.o

.rel.text
 *(.rel.text .rel.text.* .rel.gnu.linkonce.t.*)

.rela.text      0x80004208        0x0
 *(.rela.text .rela.text.* .rela.gnu.linkonce.t.*)
 .rela.text     0x00000000        0x0 d:/_dev/devkitpro/devkitppc/bin/../lib/gcc/powerpc-gekko/4.2.4/crtbegin.o
 .rela.text.test_font
                0x00000000        0x0 d:/_dev/devkitpro/devkitppc/bin/../lib/gcc/powerpc-gekko/4.2.4/crtbegin.o
 .rela.text.winit
                0x00000000        0x0 d:/_dev/devkitpro/devkitppc/bin/../lib/gcc/powerpc-gekko/4.2.4/crtbegin.o
 .rela.text.BMF_statePut
                0x00000000        0x0 d:/_dev/devkitpro/devkitppc/bin/../lib/gcc/powerpc-gekko/4.2.4/crtbegin.o
 .rela.text.BMF_stateGet
                0x00000000        0x0 d:/_dev/devkitpro/devkitppc/bin/../lib/gcc/powerpc-gekko/4.2.4/crtbegin.o
 .rela.text.BMF_Init
                0x00000000        0x0 d:/_dev/devkitpro/devkitppc/bin/../lib/gcc/powerpc-gekko/4.2.4/crtbegin.o
 .rela.text.BMF_goto
                0x00000000        0x0 d:/_dev/devkitpro/devkitppc/bin/../lib/gcc/powerpc-gekko/4.2.4/crtbegin.o
 .rela.text.BMF_home
                0x00000000        0x0 d:/_dev/devkitpro/devkitppc/bin/../lib/gcc/powerpc-gekko/4.2.4/crtbegin.o
 .rela.text.BMF_getcur
                0x00000000        0x0 d:/_dev/devkitpro/devkitppc/bin/../lib/gcc/powerpc-gekko/4.2.4/crtbegin.o
 .rela.text.BMF_cr
                0x00000000        0x0 d:/_dev/devkitpro/devkitppc/bin/../lib/gcc/powerpc-gekko/4.2.4/crtbegin.o
 .rela.text.BMF_lf
                0x00000000        0x0 d:/_dev/devkitpro/devkitppc/bin/../lib/gcc/powerpc-gekko/4.2.4/crtbegin.o
 .rela.text.BMF_load
                0x00000000        0x0 d:/_dev/devkitpro/devkitppc/bin/../lib/gcc/powerpc-gekko/4.2.4/crtbegin.o
 .rela.text.BMF_hookSet
                0x00000000        0x0 d:/_dev/devkitpro/devkitppc/bin/../lib/gcc/powerpc-gekko/4.2.4/crtbegin.o
 .rela.text.BMF_hookGet
                0x00000000        0x0 d:/_dev/devkitpro/devkitppc/bin/../lib/gcc/powerpc-gekko/4.2.4/crtbegin.o
 .rela.text.BMF_area
                0x00000000        0x0 d:/_dev/devkitpro/devkitppc/bin/../lib/gcc/powerpc-gekko/4.2.4/crtbegin.o
 .rela.text.BMF_halfc
                0x00000000        0x0 d:/_dev/devkitpro/devkitppc/bin/../lib/gcc/powerpc-gekko/4.2.4/crtbegin.o
 .rela.text.BMF_autolf
                0x00000000        0x0 d:/_dev/devkitpro/devkitppc/bin/../lib/gcc/powerpc-gekko/4.2.4/crtbegin.o
 .rela.text.BMF_align
                0x00000000        0x0 d:/_dev/devkitpro/devkitppc/bin/../lib/gcc/powerpc-gekko/4.2.4/crtbegin.o
 .rela.text.BMF_halign
                0x00000000        0x0 d:/_dev/devkitpro/devkitppc/bin/../lib/gcc/powerpc-gekko/4.2.4/crtbegin.o
 .rela.text.BMF_valign
                0x00000000        0x0 d:/_dev/devkitpro/devkitppc/bin/../lib/gcc/powerpc-gekko/4.2.4/crtbegin.o
 .rela.text.BMF_puts
                0x00000000        0x0 d:/_dev/devkitpro/devkitppc/bin/../lib/gcc/powerpc-gekko/4.2.4/crtbegin.o
 .rela.text.drawc_vid_grr
                0x00000000        0x0 d:/_dev/devkitpro/devkitppc/bin/../lib/gcc/powerpc-gekko/4.2.4/crtbegin.o
 .rela.text.drawc_vid_grr_shad
                0x00000000        0x0 d:/_dev/devkitpro/devkitppc/bin/../lib/gcc/powerpc-gekko/4.2.4/crtbegin.o
 .rela.text.lscroll_doit
                0x00000000        0x0 d:/_dev/devkitpro/devkitppc/bin/../lib/gcc/powerpc-gekko/4.2.4/crtbegin.o
 .rela.text.BMF_findc
                0x00000000        0x0 d:/_dev/devkitpro/devkitppc/bin/../lib/gcc/powerpc-gekko/4.2.4/crtbegin.o
 .rela.text.BMF_putc
                0x00000000        0x0 d:/_dev/devkitpro/devkitppc/bin/../lib/gcc/powerpc-gekko/4.2.4/crtbegin.o
 .rela.text.GRRLIB_GetBlend
                0x00000000        0x0 d:/_dev/devkitpro/devkitppc/bin/../lib/gcc/powerpc-gekko/4.2.4/crtbegin.o
 .rela.text.GRRLIB_SetAntiAliasing
                0x00000000        0x0 d:/_dev/devkitpro/devkitppc/bin/../lib/gcc/powerpc-gekko/4.2.4/crtbegin.o
 .rela.text.GRRLIB_GetAntiAliasing
                0x00000000        0x0 d:/_dev/devkitpro/devkitppc/bin/../lib/gcc/powerpc-gekko/4.2.4/crtbegin.o
 .rela.text.GRRLIB_ClipReset
                0x00000000        0x0 d:/_dev/devkitpro/devkitppc/bin/../lib/gcc/powerpc-gekko/4.2.4/crtbegin.o
 .rela.text.GRRLIB_SetBlend
                0x00000000        0x0 d:/_dev/devkitpro/devkitppc/bin/../lib/gcc/powerpc-gekko/4.2.4/crtbegin.o
 .rela.text.GRRLIB_Init
                0x00000000        0x0 d:/_dev/devkitpro/devkitppc/bin/../lib/gcc/powerpc-gekko/4.2.4/crtbegin.o
 .rela.text.GRRLIB_FillScreen
                0x00000000        0x0 d:/_dev/devkitpro/devkitppc/bin/../lib/gcc/powerpc-gekko/4.2.4/crtbegin.o
 .rela.text.GRRLIB_Exit
                0x00000000        0x0 d:/_dev/devkitpro/devkitppc/bin/../lib/gcc/powerpc-gekko/4.2.4/crtbegin.o
 .rela.text.GRRLIB_GetPixelFromFB
                0x00000000        0x0 d:/_dev/devkitpro/devkitppc/bin/../lib/gcc/powerpc-gekko/4.2.4/crtbegin.o
 .rela.text.GRRLIB_Render
                0x00000000        0x0 d:/_dev/devkitpro/devkitppc/bin/../lib/gcc/powerpc-gekko/4.2.4/crtbegin.o
 .rela.text.GRRLIB_DrawImgQuad
                0x00000000        0x0 d:/_dev/devkitpro/devkitppc/bin/../lib/gcc/powerpc-gekko/4.2.4/crtbegin.o
 .rela.text.GRRLIB_DrawTileQuad
                0x00000000        0x0 d:/_dev/devkitpro/devkitppc/bin/../lib/gcc/powerpc-gekko/4.2.4/crtbegin.o
 .rela.text.GRRLIB_DrawImg
                0x00000000        0x0 d:/_dev/devkitpro/devkitppc/bin/../lib/gcc/powerpc-gekko/4.2.4/crtbegin.o
 .rela.text.GRRLIB_DrawTile
                0x00000000        0x0 d:/_dev/devkitpro/devkitppc/bin/../lib/gcc/powerpc-gekko/4.2.4/crtbegin.o
 .rela.text.deflate
                0x00000000        0x0 d:/_dev/devkitpro/devkitppc/bin/../lib/gcc/powerpc-gekko/4.2.4/crtbegin.o
 .rela.text.deflate_slow
                0x00000000        0x0 d:/_dev/devkitpro/devkitppc/bin/../lib/gcc/powerpc-gekko/4.2.4/crtbegin.o
 .rela.text.deflate_fast
                0x00000000        0x0 d:/_dev/devkitpro/devkitppc/bin/../lib/gcc/powerpc-gekko/4.2.4/crtbegin.o
 .rela.text.deflateInit2_
                0x00000000        0x0 d:/_dev/devkitpro/devkitppc/bin/../lib/gcc/powerpc-gekko/4.2.4/crtbegin.o
 .rela.text.fatUnmount
                0x00000000        0x0 d:/_dev/devkitpro/devkitppc/bin/../lib/gcc/powerpc-gekko/4.2.4/crtbegin.o
 .rela.text.fatInit
                0x00000000        0x0 d:/_dev/devkitpro/devkitppc/bin/../lib/gcc/powerpc-gekko/4.2.4/crtbegin.o
 .rela.text.get_io_wiisd
                0x00000000        0x0 d:/_dev/devkitpro/devkitppc/bin/../lib/gcc/powerpc-gekko/4.2.4/crtbegin.o
 .rela.text.get_io_usbstorage
                0x00000000        0x0 d:/_dev/devkitpro/devkitppc/bin/../lib/gcc/powerpc-gekko/4.2.4/crtbegin.o
 .rela.text._FAT_directory_mbsncasecmp
                0x00000000        0x0 d:/_dev/devkitpro/devkitppc/bin/../lib/gcc/powerpc-gekko/4.2.4/crtbegin.o
 .rela.text._FAT_directory_ucs2tombs
                0x00000000        0x0 d:/_dev/devkitpro/devkitppc/bin/../lib/gcc/powerpc-gekko/4.2.4/crtbegin.o
 .rela.text._FAT_directory_addEntry
                0x00000000        0x0 d:/_dev/devkitpro/devkitppc/bin/../lib/gcc/powerpc-gekko/4.2.4/crtbegin.o
 .rela.text.wiiuse_init_cmd_queue
                0x00000000        0x0 d:/_dev/devkitpro/devkitppc/bin/../lib/gcc/powerpc-gekko/4.2.4/crtbegin.o
 .rela.text.wiiuse_init
                0x00000000        0x0 d:/_dev/devkitpro/devkitppc/bin/../lib/gcc/powerpc-gekko/4.2.4/crtbegin.o
 .rela.text.guitar_hero_3_handshake
                0x00000000        0x0 d:/_dev/devkitpro/devkitppc/bin/../lib/gcc/powerpc-gekko/4.2.4/crtbegin.o
 .rela.text.wiiuse_handshake_expansion
                0x00000000        0x0 d:/_dev/devkitpro/devkitppc/bin/../lib/gcc/powerpc-gekko/4.2.4/crtbegin.o
 .rela.text.wiiuse_handshake
                0x00000000        0x0 d:/_dev/devkitpro/devkitppc/bin/../lib/gcc/powerpc-gekko/4.2.4/crtbegin.o
 .rela.text.bt_alarmhandler
                0x00000000        0x0 d:/_dev/devkitpro/devkitppc/bin/../lib/gcc/powerpc-gekko/4.2.4/crtbegin.o
 .rela.text.__lwp_rotate_readyqueue
                0x00000000        0x0 d:/_dev/devkitpro/devkitppc/bin/../lib/gcc/powerpc-gekko/4.2.4/crtbegin.o
 .rela.text.__lwp_thread_setstate
                0x00000000        0x0 d:/_dev/devkitpro/devkitppc/bin/../lib/gcc/powerpc-gekko/4.2.4/crtbegin.o
 .rela.text.__lwp_thread_setpriority
                0x00000000        0x0 d:/_dev/devkitpro/devkitppc/bin/../lib/gcc/powerpc-gekko/4.2.4/crtbegin.o
 .rela.text.__lwp_thread_ready
                0x00000000        0x0 d:/_dev/devkitpro/devkitppc/bin/../lib/gcc/powerpc-gekko/4.2.4/crtbegin.o
 .rela.text.__lwp_thread_close
                0x00000000        0x0 d:/_dev/devkitpro/devkitppc/bin/../lib/gcc/powerpc-gekko/4.2.4/crtbegin.o
 .rela.text.__lwp_thread_closeall
                0x00000000        0x0 d:/_dev/devkitpro/devkitppc/bin/../lib/gcc/powerpc-gekko/4.2.4/crtbegin.o
 .rela.text.__lwp_thread_stopmultitasking
                0x00000000        0x0 d:/_dev/devkitpro/devkitppc/bin/../lib/gcc/powerpc-gekko/4.2.4/crtbegin.o
 .rela.text.__lwp_thread_changepriority
                0x00000000        0x0 d:/_dev/devkitpro/devkitppc/bin/../lib/gcc/powerpc-gekko/4.2.4/crtbegin.o
 .rela.text.__lwp_thread_coreinit
                0x00000000        0x0 d:/_dev/devkitpro/devkitppc/bin/../lib/gcc/powerpc-gekko/4.2.4/crtbegin.o
 .rela.text.__lwp_thread_suspend
                0x00000000        0x0 d:/_dev/devkitpro/devkitppc/bin/../lib/gcc/powerpc-gekko/4.2.4/crtbegin.o
 .rela.text.__lwp_thread_startmultitasking
                0x00000000        0x0 d:/_dev/devkitpro/devkitppc/bin/../lib/gcc/powerpc-gekko/4.2.4/crtbegin.o
 .rela.text.__lwp_thread_tickle_timeslice
                0x00000000        0x0 d:/_dev/devkitpro/devkitppc/bin/../lib/gcc/powerpc-gekko/4.2.4/crtbegin.o
 .rela.text.__lwp_thread_context
                0x00000000        0x0 d:/_dev/devkitpro/devkitppc/bin/../lib/gcc/powerpc-gekko/4.2.4/crtbegin.o
 .rela.text.__lwp_thread_exists
                0x00000000        0x0 d:/_dev/devkitpro/devkitppc/bin/../lib/gcc/powerpc-gekko/4.2.4/crtbegin.o
 .rela.text.__lwp_thread_isalive
                0x00000000        0x0 d:/_dev/devkitpro/devkitppc/bin/../lib/gcc/powerpc-gekko/4.2.4/crtbegin.o
 .rela.text.__lwp_sysinit
                0x00000000        0x0 d:/_dev/devkitpro/devkitppc/bin/../lib/gcc/powerpc-gekko/4.2.4/crtbegin.o
 .rela.text.LWP_ThreadSignal
                0x00000000        0x0 d:/_dev/devkitpro/devkitppc/bin/../lib/gcc/powerpc-gekko/4.2.4/crtbegin.o
 .rela.text.LWP_ThreadBroadcast
                0x00000000        0x0 d:/_dev/devkitpro/devkitppc/bin/../lib/gcc/powerpc-gekko/4.2.4/crtbegin.o
 .rela.text.LWP_ThreadSleep
                0x00000000        0x0 d:/_dev/devkitpro/devkitppc/bin/../lib/gcc/powerpc-gekko/4.2.4/crtbegin.o
 .rela.text.LWP_CloseQueue
                0x00000000        0x0 d:/_dev/devkitpro/devkitppc/bin/../lib/gcc/powerpc-gekko/4.2.4/crtbegin.o
 .rela.text.LWP_InitQueue
                0x00000000        0x0 d:/_dev/devkitpro/devkitppc/bin/../lib/gcc/powerpc-gekko/4.2.4/crtbegin.o
 .rela.text.LWP_JoinThread
                0x00000000        0x0 d:/_dev/devkitpro/devkitppc/bin/../lib/gcc/powerpc-gekko/4.2.4/crtbegin.o
 .rela.text.LWP_ThreadIsSuspended
                0x00000000        0x0 d:/_dev/devkitpro/devkitppc/bin/../lib/gcc/powerpc-gekko/4.2.4/crtbegin.o
 .rela.text.LWP_SetThreadPriority
                0x00000000        0x0 d:/_dev/devkitpro/devkitppc/bin/../lib/gcc/powerpc-gekko/4.2.4/crtbegin.o
 .rela.text.LWP_ResumeThread
                0x00000000        0x0 d:/_dev/devkitpro/devkitppc/bin/../lib/gcc/powerpc-gekko/4.2.4/crtbegin.o
 .rela.text.LWP_SuspendThread
                0x00000000        0x0 d:/_dev/devkitpro/devkitppc/bin/../lib/gcc/powerpc-gekko/4.2.4/crtbegin.o
 .rela.text.LWP_CreateThread
                0x00000000        0x0 d:/_dev/devkitpro/devkitppc/bin/../lib/gcc/powerpc-gekko/4.2.4/crtbegin.o
 .rela.text.__lwp_stack_free
                0x00000000        0x0 d:/_dev/devkitpro/devkitppc/bin/../lib/gcc/powerpc-gekko/4.2.4/crtbegin.o
 .rela.text.__lwp_stack_allocate
                0x00000000        0x0 d:/_dev/devkitpro/devkitppc/bin/../lib/gcc/powerpc-gekko/4.2.4/crtbegin.o
 .rela.text.__lwp_watchdog_init
                0x00000000        0x0 d:/_dev/devkitpro/devkitppc/bin/../lib/gcc/powerpc-gekko/4.2.4/crtbegin.o
 .rela.text.__lwp_wd_tickle
                0x00000000        0x0 d:/_dev/devkitpro/devkitppc/bin/../lib/gcc/powerpc-gekko/4.2.4/crtbegin.o
 .rela.text.__lwp_wkspace_init
                0x00000000        0x0 d:/_dev/devkitpro/devkitppc/bin/../lib/gcc/powerpc-gekko/4.2.4/crtbegin.o
 .rela.text.__lwp_wkspace_heapused
                0x00000000        0x0 d:/_dev/devkitpro/devkitppc/bin/../lib/gcc/powerpc-gekko/4.2.4/crtbegin.o
 .rela.text.__lwp_wkspace_heapfree
                0x00000000        0x0 d:/_dev/devkitpro/devkitppc/bin/../lib/gcc/powerpc-gekko/4.2.4/crtbegin.o
 .rela.text.__lwp_objmgr_initinfo
                0x00000000        0x0 d:/_dev/devkitpro/devkitppc/bin/../lib/gcc/powerpc-gekko/4.2.4/crtbegin.o
 .rela.text.__irq_init
                0x00000000        0x0 d:/_dev/devkitpro/devkitppc/bin/../lib/gcc/powerpc-gekko/4.2.4/crtbegin.o
 .rela.text.LWP_MutexInit
                0x00000000        0x0 d:/_dev/devkitpro/devkitppc/bin/../lib/gcc/powerpc-gekko/4.2.4/crtbegin.o
 .rela.text.__lwp_mutex_init
                0x00000000        0x0 d:/_dev/devkitpro/devkitppc/bin/../lib/gcc/powerpc-gekko/4.2.4/crtbegin.o
 .rela.text.LWP_MutexDestroy
                0x00000000        0x0 d:/_dev/devkitpro/devkitppc/bin/../lib/gcc/powerpc-gekko/4.2.4/crtbegin.o
 .rela.text.__lwp_mutex_locksupp
                0x00000000        0x0 d:/_dev/devkitpro/devkitppc/bin/../lib/gcc/powerpc-gekko/4.2.4/crtbegin.o
 .rela.text.LWP_MutexUnlock
                0x00000000        0x0 d:/_dev/devkitpro/devkitppc/bin/../lib/gcc/powerpc-gekko/4.2.4/crtbegin.o
 .rela.text.__sram_sync
                0x00000000        0x0 d:/_dev/devkitpro/devkitppc/bin/../lib/gcc/powerpc-gekko/4.2.4/crtbegin.o
 .rela.text.__locksram
                0x00000000        0x0 d:/_dev/devkitpro/devkitppc/bin/../lib/gcc/powerpc-gekko/4.2.4/crtbegin.o
 .rela.text.__sram_init
                0x00000000        0x0 d:/_dev/devkitpro/devkitppc/bin/../lib/gcc/powerpc-gekko/4.2.4/crtbegin.o
 .rela.text.SYS_Init
                0x00000000        0x0 d:/_dev/devkitpro/devkitppc/bin/../lib/gcc/powerpc-gekko/4.2.4/crtbegin.o
 .rela.text.__unlocksram
                0x00000000        0x0 d:/_dev/devkitpro/devkitppc/bin/../lib/gcc/powerpc-gekko/4.2.4/crtbegin.o
 .rela.text.__sram_writecallback
                0x00000000        0x0 d:/_dev/devkitpro/devkitppc/bin/../lib/gcc/powerpc-gekko/4.2.4/crtbegin.o
 .rela.text.SYS_CancelAlarm
                0x00000000        0x0 d:/_dev/devkitpro/devkitppc/bin/../lib/gcc/powerpc-gekko/4.2.4/crtbegin.o
 .rela.text.SYS_RemoveAlarm
                0x00000000        0x0 d:/_dev/devkitpro/devkitppc/bin/../lib/gcc/powerpc-gekko/4.2.4/crtbegin.o
 .rela.text.SYS_SetAlarm
                0x00000000        0x0 d:/_dev/devkitpro/devkitppc/bin/../lib/gcc/powerpc-gekko/4.2.4/crtbegin.o
 .rela.text.__sys_alarmhandler
                0x00000000        0x0 d:/_dev/devkitpro/devkitppc/bin/../lib/gcc/powerpc-gekko/4.2.4/crtbegin.o
 .rela.text.SYS_SetPeriodicAlarm
                0x00000000        0x0 d:/_dev/devkitpro/devkitppc/bin/../lib/gcc/powerpc-gekko/4.2.4/crtbegin.o
 .rela.text.__lwp_cond_init
                0x00000000        0x0 d:/_dev/devkitpro/devkitppc/bin/../lib/gcc/powerpc-gekko/4.2.4/crtbegin.o
 .rela.text.LWP_CondDestroy
                0x00000000        0x0 d:/_dev/devkitpro/devkitppc/bin/../lib/gcc/powerpc-gekko/4.2.4/crtbegin.o
 .rela.text.LWP_CondInit
                0x00000000        0x0 d:/_dev/devkitpro/devkitppc/bin/../lib/gcc/powerpc-gekko/4.2.4/crtbegin.o
 .rela.text.__lwp_cond_signalsupp
                0x00000000        0x0 d:/_dev/devkitpro/devkitppc/bin/../lib/gcc/powerpc-gekko/4.2.4/crtbegin.o
 .rela.text.__lwp_cond_waitsupp
                0x00000000        0x0 d:/_dev/devkitpro/devkitppc/bin/../lib/gcc/powerpc-gekko/4.2.4/crtbegin.o
 .rela.text.GX_EndDispList
                0x00000000        0x0 d:/_dev/devkitpro/devkitppc/bin/../lib/gcc/powerpc-gekko/4.2.4/crtbegin.o
 .rela.text.GX_BeginDispList
                0x00000000        0x0 d:/_dev/devkitpro/devkitppc/bin/../lib/gcc/powerpc-gekko/4.2.4/crtbegin.o
 .rela.text.GX_Init
                0x00000000        0x0 d:/_dev/devkitpro/devkitppc/bin/../lib/gcc/powerpc-gekko/4.2.4/crtbegin.o
 .rela.text.c_decrementer_handler
                0x00000000        0x0 d:/_dev/devkitpro/devkitppc/bin/../lib/gcc/powerpc-gekko/4.2.4/crtbegin.o
 .rela.text.__lwp_mqbox_init
                0x00000000        0x0 d:/_dev/devkitpro/devkitppc/bin/../lib/gcc/powerpc-gekko/4.2.4/crtbegin.o
 .rela.text.MQ_Close
                0x00000000        0x0 d:/_dev/devkitpro/devkitppc/bin/../lib/gcc/powerpc-gekko/4.2.4/crtbegin.o
 .rela.text.MQ_Init
                0x00000000        0x0 d:/_dev/devkitpro/devkitppc/bin/../lib/gcc/powerpc-gekko/4.2.4/crtbegin.o
 .rela.text.MQ_Jam
                0x00000000        0x0 d:/_dev/devkitpro/devkitppc/bin/../lib/gcc/powerpc-gekko/4.2.4/crtbegin.o
 .rela.text.MQ_Receive
                0x00000000        0x0 d:/_dev/devkitpro/devkitppc/bin/../lib/gcc/powerpc-gekko/4.2.4/crtbegin.o
 .rela.text.MQ_Send
                0x00000000        0x0 d:/_dev/devkitpro/devkitppc/bin/../lib/gcc/powerpc-gekko/4.2.4/crtbegin.o
 .rela.text.__ios_ioctlvformat_parse
                0x00000000        0x0 d:/_dev/devkitpro/devkitppc/bin/../lib/gcc/powerpc-gekko/4.2.4/crtbegin.o
 .rela.text.__ioctlvfmtCB
                0x00000000        0x0 d:/_dev/devkitpro/devkitppc/bin/../lib/gcc/powerpc-gekko/4.2.4/crtbegin.o
 .rela.text.IOS_IoctlvFormatAsync
                0x00000000        0x0 d:/_dev/devkitpro/devkitppc/bin/../lib/gcc/powerpc-gekko/4.2.4/crtbegin.o
 .rela.text.IOS_IoctlvFormat
                0x00000000        0x0 d:/_dev/devkitpro/devkitppc/bin/../lib/gcc/powerpc-gekko/4.2.4/crtbegin.o
 .rela.text.nanosleep
                0x00000000        0x0 d:/_dev/devkitpro/devkitppc/bin/../lib/gcc/powerpc-gekko/4.2.4/crtbegin.o
 .rela.text.__libc_init
                0x00000000        0x0 d:/_dev/devkitpro/devkitppc/bin/../lib/gcc/powerpc-gekko/4.2.4/crtbegin.o
 .rela.text.__libc_wrapup
                0x00000000        0x0 d:/_dev/devkitpro/devkitppc/bin/../lib/gcc/powerpc-gekko/4.2.4/crtbegin.o
 .rela.text.__libc_delete_hook
                0x00000000        0x0 d:/_dev/devkitpro/devkitppc/bin/../lib/gcc/powerpc-gekko/4.2.4/crtbegin.o
 .rela.text.__CheckARGV
                0x00000000        0x0 d:/_dev/devkitpro/devkitppc/bin/../lib/gcc/powerpc-gekko/4.2.4/crtbegin.o
 .rela.text.__lwp_priority_init
                0x00000000        0x0 d:/_dev/devkitpro/devkitppc/bin/../lib/gcc/powerpc-gekko/4.2.4/crtbegin.o
 .rela.text.__lwp_threadqueue_extractpriority
                0x00000000        0x0 d:/_dev/devkitpro/devkitppc/bin/../lib/gcc/powerpc-gekko/4.2.4/crtbegin.o
 .rela.text.__lwp_threadqueue_extractfifo
                0x00000000        0x0 d:/_dev/devkitpro/devkitppc/bin/../lib/gcc/powerpc-gekko/4.2.4/crtbegin.o
 .rela.text.__lwp_threadqueue_dequeuepriority
                0x00000000        0x0 d:/_dev/devkitpro/devkitppc/bin/../lib/gcc/powerpc-gekko/4.2.4/crtbegin.o
 .rela.text.__lwp_threadqueue_enqueuepriority
                0x00000000        0x0 d:/_dev/devkitpro/devkitppc/bin/../lib/gcc/powerpc-gekko/4.2.4/crtbegin.o
 .rela.text.__lwp_threadqueue_dequeuefifo
                0x00000000        0x0 d:/_dev/devkitpro/devkitppc/bin/../lib/gcc/powerpc-gekko/4.2.4/crtbegin.o
 .rela.text.__lwp_threadqueue_enqueuefifo
                0x00000000        0x0 d:/_dev/devkitpro/devkitppc/bin/../lib/gcc/powerpc-gekko/4.2.4/crtbegin.o
 .rela.text.__lwp_threadqueue_enqueue
                0x00000000        0x0 d:/_dev/devkitpro/devkitppc/bin/../lib/gcc/powerpc-gekko/4.2.4/crtbegin.o
 .rela.text.__lwpmq_close
                0x00000000        0x0 d:/_dev/devkitpro/devkitppc/bin/../lib/gcc/powerpc-gekko/4.2.4/crtbegin.o
 .rela.text.__lwpmq_initialize
                0x00000000        0x0 d:/_dev/devkitpro/devkitppc/bin/../lib/gcc/powerpc-gekko/4.2.4/crtbegin.o
 .rela.text.__exception_sethandler
                0x00000000        0x0 d:/_dev/devkitpro/devkitppc/bin/../lib/gcc/powerpc-gekko/4.2.4/crtbegin.o
 .rela.text.__exception_init
                0x00000000        0x0 d:/_dev/devkitpro/devkitppc/bin/../lib/gcc/powerpc-gekko/4.2.4/crtbegin.o
 .rela.text.__systemcall_init
                0x00000000        0x0 d:/_dev/devkitpro/devkitppc/bin/../lib/gcc/powerpc-gekko/4.2.4/crtbegin.o
 .rela.text.__lwp_sema_init
                0x00000000        0x0 d:/_dev/devkitpro/devkitppc/bin/../lib/gcc/powerpc-gekko/4.2.4/crtbegin.o
 .rela.text.LWP_SemInit
                0x00000000        0x0 d:/_dev/devkitpro/devkitppc/bin/../lib/gcc/powerpc-gekko/4.2.4/crtbegin.o
 .rela.text.LWP_SemDestroy
                0x00000000        0x0 d:/_dev/devkitpro/devkitppc/bin/../lib/gcc/powerpc-gekko/4.2.4/crtbegin.o
 .rela.text.LWP_SemPost
                0x00000000        0x0 d:/_dev/devkitpro/devkitppc/bin/../lib/gcc/powerpc-gekko/4.2.4/crtbegin.o
 .rela.text.LWP_SemWait
                0x00000000        0x0 d:/_dev/devkitpro/devkitppc/bin/../lib/gcc/powerpc-gekko/4.2.4/crtbegin.o
 .rela.text.kprintf
                0x00000000        0x0 d:/_dev/devkitpro/devkitppc/bin/../lib/gcc/powerpc-gekko/4.2.4/crtbegin.o
 .rela.text.CON_EnableGecko
                0x00000000        0x0 d:/_dev/devkitpro/devkitppc/bin/../lib/gcc/powerpc-gekko/4.2.4/crtbegin.o
 .rela.text.__console_init
                0x00000000        0x0 d:/_dev/devkitpro/devkitppc/bin/../lib/gcc/powerpc-gekko/4.2.4/crtbegin.o
 .rela.text.__console_init_ex
                0x00000000        0x0 d:/_dev/devkitpro/devkitppc/bin/../lib/gcc/powerpc-gekko/4.2.4/crtbegin.o

.rel.fini
 *(.rel.fini)

.rela.fini
 *(.rela.fini)

.rel.rodata
 *(.rel.rodata .rel.rodata.* .rel.gnu.linkonce.r.*)

.rela.rodata    0x80004208        0x0
 *(.rela.rodata .rela.rodata.* .rela.gnu.linkonce.r.*)
 .rela.rodata.dotab_fat
                0x00000000        0x0 d:/_dev/devkitpro/devkitppc/bin/../lib/gcc/powerpc-gekko/4.2.4/crtbegin.o

.rel.data
 *(.rel.data .rel.data.* .rel.gnu.linkonce.d.*)

.rela.data
 *(.rela.data .rela.data.* .rela.gnu.linkonce.d.*)

.rel.tdata
 *(.rel.tdata .rel.tdata.* .rel.gnu.linkonce.td.*)

.rela.tdata
 *(.rela.tdata .rela.tdata.* .rela.gnu.linkonce.td.*)

.rel.tbss
 *(.rel.tbss .rel.tbss.* .rel.gnu.linkonce.tb.*)

.rela.tbss
 *(.rela.tbss .rela.tbss.* .rela.gnu.linkonce.tb.*)

.rel.ctors
 *(.rel.ctors)

.rela.ctors
 *(.rela.ctors)

.rel.dtors
 *(.rel.dtors)

.rela.dtors
 *(.rela.dtors)

.rel.got
 *(.rel.got)

.rela.got
 *(.rela.got)

.rela.got1
 *(.rela.got1)

.rela.got2      0x80004208        0x0
 *(.rela.got2)
 .rela.got2     0x00000000        0x0 d:/_dev/devkitpro/devkitppc/bin/../lib/gcc/powerpc-gekko/4.2.4/crtbegin.o

.rel.sdata
 *(.rel.sdata .rel.sdata.* .rel.gnu.linkonce.s.*)

.rela.sdata
 *(.rela.sdata .rela.sdata.* .rela.gnu.linkonce.s.*)

.rel.sbss
 *(.rel.sbss .rel.sbss.* .rel.gnu.linkonce.sb.*)

.rela.sbss
 *(.rela.sbss .rela.sbss.* .rel.gnu.linkonce.sb.*)

.rel.sdata2
 *(.rel.sdata2 .rel.sdata2.* .rel.gnu.linkonce.s2.*)

.rela.sdata2    0x80004208        0x0
 *(.rela.sdata2 .rela.sdata2.* .rela.gnu.linkonce.s2.*)
 .rela.sdata2.__sys_inIPL
                0x00000000        0x0 d:/_dev/devkitpro/devkitppc/bin/../lib/gcc/powerpc-gekko/4.2.4/crtbegin.o
 .rela.sdata2.__gx
                0x00000000        0x0 d:/_dev/devkitpro/devkitppc/bin/../lib/gcc/powerpc-gekko/4.2.4/crtbegin.o

.rel.sbss2
 *(.rel.sbss2 .rel.sbss2.* .rel.gnu.linkonce.sb2.*)

.rela.sbss2
 *(.rela.sbss2 .rela.sbss2.* .rela.gnu.linkonce.sb2.*)

.rel.bss
 *(.rel.bss .rel.bss.* .rel.gnu.linkonce.b.*)

.rela.bss
 *(.rela.bss .rela.bss.* .rela.gnu.linkonce.b.*)

.rel.plt
 *(.rel.plt)

.rela.plt
 *(.rela.plt)

.text           0x80004220    0x73ee0
 *(.text)
 .text          0x80004220      0x140 d:/_dev/devkitpro/devkitppc/bin/../lib/gcc/powerpc-gekko/4.2.4/crtbegin.o
 .text          0x80004360       0x48 d:/_dev/devkitpro/devkitppc/bin/../lib/gcc/powerpc-gekko/4.2.4/../../../../powerpc-gekko/lib/crtmain.o
                0x80004364                __crtmain
 .text          0x800043a8      0x1a0 d:/_Dev/devkitpro/libogc/lib/wii\libjpeg.a(jmemsrc.o)
                0x80004494                jpeg_memory_src
 .text          0x80004548      0x7f8 d:/_Dev/devkitpro/libogc/lib/wii\libjpeg.a(jdapimin.o)
                0x800046b0                jpeg_abort_decompress
                0x80004690                jpeg_destroy_decompress
                0x80004548                jpeg_CreateDecompress
                0x80004b8c                jpeg_has_multiple_scans
                0x800046d0                jpeg_consume_input
                0x80004b0c                jpeg_input_complete
                0x80004a20                jpeg_read_header
                0x80004c0c                jpeg_finish_decompress
 .text          0x80004d40      0x78c d:/_Dev/devkitpro/libogc/lib/wii\libjpeg.a(jdapistd.o)
                0x80005098                jpeg_read_scanlines
                0x80004eec                jpeg_start_decompress
                0x800051bc                jpeg_read_raw_data
                0x800053d4                jpeg_finish_output
                0x80005328                jpeg_start_output
 .text          0x800054cc      0x7f8 d:/_Dev/devkitpro/libogc/lib/wii\libjpeg.a(jdinput.o)
                0x80005c3c                jinit_input_controller
 .text          0x80005cc4     0x2734 d:/_Dev/devkitpro/libogc/lib/wii\libjpeg.a(jdmarker.o)
                0x80008374                jpeg_set_marker_processor
                0x80007f60                jpeg_resync_to_restart
                0x80008188                jinit_marker_reader
                0x8000823c                jpeg_save_markers
 .text          0x800083f8      0xae8 d:/_Dev/devkitpro/libogc/lib/wii\libjpeg.a(jdmaster.o)
                0x80008b1c                jinit_master_decompress
                0x800084cc                jpeg_calc_output_dimensions
                0x80008a44                jpeg_new_colormap
 .text          0x80008ee0      0x6d8 d:/_Dev/devkitpro/libogc/lib/wii\libjpeg.a(jdmerge.o)
                0x800093d0                jinit_merged_upsampler
 .text          0x800095b8     0x10f4 d:/_Dev/devkitpro/libogc/lib/wii\libjpeg.a(jdphuff.o)
                0x8000a5e4                jinit_phuff_decoder
 .text          0x8000a6ac      0x5d4 d:/_Dev/devkitpro/libogc/lib/wii\libjpeg.a(jdpostct.o)
                0x8000ab68                jinit_d_post_controller
 .text          0x8000ac80      0x95c d:/_Dev/devkitpro/libogc/lib/wii\libjpeg.a(jdsample.o)
                0x8000b2e0                jinit_upsampler
 .text          0x8000b5dc      0x2b8 d:/_Dev/devkitpro/libogc/lib/wii\libjpeg.a(jerror.o)
                0x8000b824                jpeg_std_error
 .text          0x8000b894     0x1524 d:/_Dev/devkitpro/libogc/lib/wii\libjpeg.a(jmemmgr.o)
                0x8000cbf4                jinit_memory_mgr
 .text          0x8000cdb8       0xd8 d:/_Dev/devkitpro/libogc/lib/wii\libjpeg.a(jmemnobs.o)
                0x8000cdb8                jpeg_get_small
                0x8000ce84                jpeg_mem_init
                0x8000ce50                jpeg_open_backing_store
                0x8000ce8c                jpeg_mem_term
                0x8000ce48                jpeg_mem_available
                0x8000ce00                jpeg_get_large
                0x8000ce24                jpeg_free_large
                0x8000cddc                jpeg_free_small
 .text          0x8000ce90      0xf70 d:/_Dev/devkitpro/libogc/lib/wii\libjpeg.a(jquant1.o)
                0x8000da40                jinit_1pass_quantizer
 .text          0x8000de00     0x16dc d:/_Dev/devkitpro/libogc/lib/wii\libjpeg.a(jquant2.o)
                0x8000f29c                jinit_2pass_quantizer
 .text          0x8000f4dc       0xf4 d:/_Dev/devkitpro/libogc/lib/wii\libjpeg.a(jutils.o)
                0x8000f4ec                jround_up
                0x8000f4dc                jdiv_round_up
                0x8000f500                jcopy_sample_rows
                0x8000f5a8                jzero_far
                0x8000f578                jcopy_block_row
 .text          0x8000f5d0      0x198 d:/_Dev/devkitpro/libogc/lib/wii\libjpeg.a(jcomapi.o)
                0x8000f684                jpeg_destroy
                0x8000f72c                jpeg_alloc_huff_table
                0x8000f5d0                jpeg_abort
                0x8000f6f0                jpeg_alloc_quant_table
 .text          0x8000f768     0x12cc d:/_Dev/devkitpro/libogc/lib/wii\libjpeg.a(jdcoefct.o)
                0x80010860                jinit_d_coef_controller
 .text          0x80010a34      0x708 d:/_Dev/devkitpro/libogc/lib/wii\libjpeg.a(jdcolor.o)
                0x80010efc                jinit_color_deconverter
 .text          0x8001113c      0x3d0 d:/_Dev/devkitpro/libogc/lib/wii\libjpeg.a(jddctmgr.o)
                0x80011438                jinit_inverse_dct
 .text          0x8001150c      0xf28 d:/_Dev/devkitpro/libogc/lib/wii\libjpeg.a(jdhuff.o)
                0x8001150c                jpeg_make_d_derived_tbl
                0x80011cac                jpeg_huff_decode
                0x80011aec                jpeg_fill_bit_buffer
                0x800123bc                jinit_huff_decoder
 .text          0x80012434      0x960 d:/_Dev/devkitpro/libogc/lib/wii\libjpeg.a(jdmainct.o)
                0x80012b0c                jinit_d_main_controller
 .text          0x80012d94      0x514 d:/_Dev/devkitpro/libogc/lib/wii\libjpeg.a(jidctflt.o)
                0x80012d94                jpeg_idct_float
 .text          0x800132a8      0x448 d:/_Dev/devkitpro/libogc/lib/wii\libjpeg.a(jidctfst.o)
                0x800132a8                jpeg_idct_ifast
 .text          0x800136f0      0x520 d:/_Dev/devkitpro/libogc/lib/wii\libjpeg.a(jidctint.o)
                0x800136f0                jpeg_idct_islow
 .text          0x80013c10      0x5e8 d:/_Dev/devkitpro/libogc/lib/wii\libjpeg.a(jidctred.o)
                0x800141c8                jpeg_idct_1x1
                0x80013f64                jpeg_idct_2x2
                0x80013c10                jpeg_idct_4x4
 *fill*         0x800141f8        0x8 00000000
 .text          0x80014200      0x4ec d:/_Dev/devkitpro/libogc/lib/wii\libogc.a(lwp_handler.o)
                0x80014340                _cpu_context_restore_fp
                0x80014600                _cpu_context_save
                0x80014200                _cpu_context_save_fp
                0x80014480                _cpu_context_switch
                0x80014680                _cpu_context_restore
 .text          0x800146ec      0x4d8 d:/_Dev/devkitpro/libogc/lib/wii\libogc.a(cache_asm.o)
                0x800149c8                L2Disable
                0x80014750                DCBlockZero
                0x80014808                DCFlushRangeNoSync
                0x8001495c                ICBlockInvalidate
                0x800146ec                DCFlashInvalidate
                0x80014758                DCBlockStore
                0x80014868                DCZeroRange
                0x80014b7c                LCLoadBlocks
                0x80014748                DCTouchLoad
                0x80014b3c                LCAllocTags
                0x80014924                ICDisable
                0x80014910                ICEnable
                0x800149e0                L2GlobalInvalidate
                0x80014ba0                LCStoreBlocks
                0x80014900                ICFlashInvalidate
                0x80014898                DCTouchRange
                0x80014838                DCStoreRangeNoSync
                0x80014938                ICFreeze
                0x80014710                DCDisable
                0x80014760                DCBlockFlush
                0x800146fc                DCEnable
                0x800149b4                L2Enable
                0x80014a38                __LCEnable
                0x80014770                DCInvalidateRange
                0x80014b28                LCAllocOneTag
                0x80014738                DCUnfreeze
                0x800148c8                ICInvalidateRange
                0x800147a0                DCFlushRange
                0x80014964                ICSync
                0x80014768                DCBlockInvalidate
                0x80014724                DCFreeze
                0x8001496c                L2Init
                0x8001494c                ICUnfreeze
                0x800147d4                DCStoreRange
                0x80014b00                LCDisable
 .text          0x80014bc4      0x5c4 d:/_Dev/devkitpro/libogc/lib/wii\libogc.a(system_asm.o)
                0x80014c5c                __configMEM1_48Mb
                0x800150e8                __reset
                0x80014bc4                __realmode
                0x80014fcc                __CacheInit
                0x80014dbc                __configMEM2_64Mb
                0x80015030                __SystemInit
                0x80014f18                __configMEM2_128Mb
                0x80014bdc                __configMEM1_24Mb
                0x80014f94                __PSInit
                0x80014cdc                __configMEM2_56Mb
                0x80014e38                __configMEM2_112Mb
                0x800150b4                __flush_cache
                0x80015158                SYS_SwitchFiber
 .text          0x80015188      0xa34 d:/_Dev/devkitpro/libogc/lib/wii\libogc.a(gu_psasm.o)
                0x80015188                ps_guMtxConcat
                0x80015650                ps_guMtxApplyTrans
                0x80015b60                ps_guQuatNormalize
                0x80015854                ps_guMtxReflect
                0x80015930                ps_guVecNormalize
                0x800159b8                ps_guVecDotProduct
                0x8001578c                __ps_guMtxRotAxisRadInternal
                0x8001540c                ps_guMtxInvXpos
                0x800159d8                ps_guVecMultiply
                0x80015b40                ps_guQuatDotProduct
                0x8001597c                ps_guVecCross
                0x80015aa4                ps_guQuatSub
                0x80015a80                ps_guQuatAdd
                0x80015a2c                ps_guVecMultiplySR
                0x80015254                ps_guMtxIdentity
                0x800156d4                ps_guMtxRotTrig
                0x800158cc                ps_guVecAdd
                0x8001555c                ps_guMtxApplyScale
                0x80015914                ps_guVecScale
                0x800154d4                ps_guMtxScale
                0x80015288                ps_guMtxCopy
                0x80015504                ps_guMtxScaleApply
                0x80015ac8                ps_guQuatMultiply
                0x800152bc                ps_guMtxTranspose
                0x80015314                ps_guMtxInverse
                0x800155c8                ps_guMtxTrans
                0x80015604                ps_guMtxTransApply
                0x800158f0                ps_guVecSub
 .text          0x80015bbc      0x1b0 d:/_Dev/devkitpro/libogc/lib/wii\libogc.a(irq_handler.o)
                0x80015bbc                irq_exceptionhandler
 .text          0x80015d6c      0x1b0 d:/_Dev/devkitpro/libogc/lib/wii\libogc.a(decrementer_handler.o)
                0x80015d6c                dec_exceptionhandler
 .text          0x80015f1c      0x34c d:/_Dev/devkitpro/libogc/lib/wii\libogc.a(exception_handler.o)
                0x80015f1c                exceptionhandler_start
                0x80015fd0                default_exceptionhandler
                0x80016264                systemcallhandler_end
                0x80016248                systemcallhandler_start
                0x80015fcc                exceptionhandler_end
                0x80015f98                exceptionhandler_patch
                0x80016110                fpu_exceptionhandler
 .text          0x80016268       0x34 d:/_dev/devkitpro/devkitppc/bin/../lib/gcc/powerpc-gekko/4.2.4/../../../../powerpc-gekko/lib\libm.a(lib_a-s_atan2.o)
                0x80016268                atan2
 .text          0x8001629c      0x284 d:/_dev/devkitpro/devkitppc/bin/../lib/gcc/powerpc-gekko/4.2.4/../../../../powerpc-gekko/lib\libm.a(lib_a-s_atangent.o)
                0x8001629c                atangent
 .text          0x80016520       0x24 d:/_dev/devkitpro/devkitppc/bin/../lib/gcc/powerpc-gekko/4.2.4/../../../../powerpc-gekko/lib\libm.a(lib_a-s_cos.o)
                0x80016520                cos
 .text          0x80016544       0xb4 d:/_dev/devkitpro/devkitppc/bin/../lib/gcc/powerpc-gekko/4.2.4/../../../../powerpc-gekko/lib\libm.a(lib_a-s_fabs.o)
                0x80016544                fabs
 .text          0x800165f8       0xb4 d:/_dev/devkitpro/devkitppc/bin/../lib/gcc/powerpc-gekko/4.2.4/../../../../powerpc-gekko/lib\libm.a(lib_a-s_frexp.o)
                0x800165f8                frexp
 .text          0x800166ac       0x50 d:/_dev/devkitpro/devkitppc/bin/../lib/gcc/powerpc-gekko/4.2.4/../../../../powerpc-gekko/lib\libm.a(lib_a-s_numtest.o)
                0x800166ac                numtest
 .text          0x800166fc      0x290 d:/_dev/devkitpro/devkitppc/bin/../lib/gcc/powerpc-gekko/4.2.4/../../../../powerpc-gekko/lib\libm.a(lib_a-s_pow.o)
                0x800166fc                pow
 .text          0x8001698c       0x24 d:/_dev/devkitpro/devkitppc/bin/../lib/gcc/powerpc-gekko/4.2.4/../../../../powerpc-gekko/lib\libm.a(lib_a-s_sin.o)
                0x8001698c                sin
 .text          0x800169b0      0x2c4 d:/_dev/devkitpro/devkitppc/bin/../lib/gcc/powerpc-gekko/4.2.4/../../../../powerpc-gekko/lib\libm.a(lib_a-s_sine.o)
                0x800169b0                sine
 .text          0x80016c74      0x184 d:/_dev/devkitpro/devkitppc/bin/../lib/gcc/powerpc-gekko/4.2.4/../../../../powerpc-gekko/lib\libm.a(lib_a-s_sqrt.o)
                0x80016c74                sqrt
 .text          0x80016df8       0xc8 d:/_dev/devkitpro/devkitppc/bin/../lib/gcc/powerpc-gekko/4.2.4/../../../../powerpc-gekko/lib\libm.a(lib_a-sf_atan.o)
                0x80016df8                atanf
 .text          0x80016ec0       0x38 d:/_dev/devkitpro/devkitppc/bin/../lib/gcc/powerpc-gekko/4.2.4/../../../../powerpc-gekko/lib\libm.a(lib_a-sf_atan2.o)
                0x80016ec0                atan2f
 .text          0x80016ef8      0x250 d:/_dev/devkitpro/devkitppc/bin/../lib/gcc/powerpc-gekko/4.2.4/../../../../powerpc-gekko/lib\libm.a(lib_a-sf_atangent.o)
                0x80016ef8                atangentf
 .text          0x80017148       0x24 d:/_dev/devkitpro/devkitppc/bin/../lib/gcc/powerpc-gekko/4.2.4/../../../../powerpc-gekko/lib\libm.a(lib_a-sf_cos.o)
                0x80017148                cosf
 .text          0x8001716c       0xb4 d:/_dev/devkitpro/devkitppc/bin/../lib/gcc/powerpc-gekko/4.2.4/../../../../powerpc-gekko/lib\libm.a(lib_a-sf_fabs.o)
                0x8001716c                fabsf
 .text          0x80017220       0xa8 d:/_dev/devkitpro/devkitppc/bin/../lib/gcc/powerpc-gekko/4.2.4/../../../../powerpc-gekko/lib\libm.a(lib_a-sf_fpclassify.o)
                0x80017220                __fpclassifyf
 .text          0x800172c8       0x90 d:/_dev/devkitpro/devkitppc/bin/../lib/gcc/powerpc-gekko/4.2.4/../../../../powerpc-gekko/lib\libm.a(lib_a-sf_frexp.o)
                0x800172c8                frexpf
 .text          0x80017358       0x24 d:/_dev/devkitpro/devkitppc/bin/../lib/gcc/powerpc-gekko/4.2.4/../../../../powerpc-gekko/lib\libm.a(lib_a-sf_isinff.o)
                0x80017358                __isinff
 .text          0x8001737c       0x28 d:/_dev/devkitpro/devkitppc/bin/../lib/gcc/powerpc-gekko/4.2.4/../../../../powerpc-gekko/lib\libm.a(lib_a-sf_isnanf.o)
                0x8001737c                __isnanf
 .text          0x800173a4       0x48 d:/_dev/devkitpro/devkitppc/bin/../lib/gcc/powerpc-gekko/4.2.4/../../../../powerpc-gekko/lib\libm.a(lib_a-sf_numtest.o)
                0x800173a4                numtestf
 .text          0x800173ec       0x24 d:/_dev/devkitpro/devkitppc/bin/../lib/gcc/powerpc-gekko/4.2.4/../../../../powerpc-gekko/lib\libm.a(lib_a-sf_sin.o)
                0x800173ec                sinf
 .text          0x80017410      0x2b8 d:/_dev/devkitpro/devkitppc/bin/../lib/gcc/powerpc-gekko/4.2.4/../../../../powerpc-gekko/lib\libm.a(lib_a-sf_sine.o)
                0x80017410                sinef
 .text          0x800176c8      0x190 d:/_dev/devkitpro/devkitppc/bin/../lib/gcc/powerpc-gekko/4.2.4/../../../../powerpc-gekko/lib\libm.a(lib_a-sf_sqrt.o)
                0x800176c8                sqrtf
 .text          0x80017858      0x218 d:/_dev/devkitpro/devkitppc/bin/../lib/gcc/powerpc-gekko/4.2.4/../../../../powerpc-gekko/lib\libm.a(lib_a-s_exp.o)
                0x80017858                exp
 .text          0x80017a70       0x1c d:/_dev/devkitpro/devkitppc/bin/../lib/gcc/powerpc-gekko/4.2.4/../../../../powerpc-gekko/lib\libm.a(lib_a-s_ispos.o)
                0x80017a70                ispos
 .text          0x80017a8c      0x154 d:/_dev/devkitpro/devkitppc/bin/../lib/gcc/powerpc-gekko/4.2.4/../../../../powerpc-gekko/lib\libm.a(lib_a-s_ldexp.o)
                0x80017a8c                ldexp
 .text          0x80017be0       0x24 d:/_dev/devkitpro/devkitppc/bin/../lib/gcc/powerpc-gekko/4.2.4/../../../../powerpc-gekko/lib\libm.a(lib_a-s_log.o)
                0x80017be0                log
 .text          0x80017c04      0x200 d:/_dev/devkitpro/devkitppc/bin/../lib/gcc/powerpc-gekko/4.2.4/../../../../powerpc-gekko/lib\libm.a(lib_a-s_logarithm.o)
                0x80017c04                logarithm
 .text          0x80017e04      0x244 d:/_dev/devkitpro/devkitppc/bin/../lib/gcc/powerpc-gekko/4.2.4/../../../../powerpc-gekko/lib\libm.a(lib_a-s_modf.o)
                0x80017e04                modf
 .text          0x80018048       0x1c d:/_dev/devkitpro/devkitppc/bin/../lib/gcc/powerpc-gekko/4.2.4/../../../../powerpc-gekko/lib\libm.a(lib_a-sf_ispos.o)
                0x80018048                isposf
 .text          0x80018064      0x14c d:/_dev/devkitpro/devkitppc/bin/../lib/gcc/powerpc-gekko/4.2.4/../../../../powerpc-gekko/lib\libm.a(lib_a-sf_ldexp.o)
                0x80018064                ldexpf
 .text          0x800181b0       0xc8 d:/_dev/devkitpro/devkitppc/bin/../lib/gcc/powerpc-gekko/4.2.4/../../../../powerpc-gekko/lib\libm.a(lib_a-s_fpclassify.o)
                0x800181b0                __fpclassifyd
 .text          0x80018278       0x38 d:/_dev/devkitpro/devkitppc/bin/../lib/gcc/powerpc-gekko/4.2.4/../../../../powerpc-gekko/lib\libm.a(lib_a-s_isnand.o)
                0x80018278                __isnand
 .text          0x800182b0      0x408 d:/_dev/devkitpro/devkitppc/bin/../lib/gcc/powerpc-gekko/4.2.4\libgcc.a(_udivdi3.o)
                0x800182b0                __udivdi3
 .text          0x800186b8       0x28 d:/_dev/devkitpro/devkitppc/bin/../lib/gcc/powerpc-gekko/4.2.4/../../../../powerpc-gekko/lib\libsysbase.a(abort.o)
                0x800186b8                abort
 .text          0x800186e0      0x2c4 d:/_dev/devkitpro/devkitppc/bin/../lib/gcc/powerpc-gekko/4.2.4/../../../../powerpc-gekko/lib\libsysbase.a(iosupport.o)
                0x80018954                RemoveDevice
                0x800186e0                setDefaultDevice
                0x800186f8                AddDevice
                0x80018910                GetDeviceOpTab
                0x80018820                FindDevice
 .text          0x800189a4       0x28 d:/_dev/devkitpro/devkitppc/bin/../lib/gcc/powerpc-gekko/4.2.4/../../../../powerpc-gekko/lib\libsysbase.a(_exit.o)
                0x800189a4                _exit
 .text          0x800189cc      0x510 d:/_dev/devkitpro/devkitppc/bin/../lib/gcc/powerpc-gekko/4.2.4/../../../../powerpc-gekko/lib\libsysbase.a(chdir.o)
                0x80018d54                chdir
                0x800189cc                getcwd
                0x80018ab0                _concatenate_path
 .text          0x80018edc       0x9c d:/_dev/devkitpro/devkitppc/bin/../lib/gcc/powerpc-gekko/4.2.4/../../../../powerpc-gekko/lib\libsysbase.a(build_argv.o)
                0x80018edc                build_argv
 .text          0x80018f78      0x168 d:/_dev/devkitpro/devkitppc/bin/../lib/gcc/powerpc-gekko/4.2.4/../../../../powerpc-gekko/lib\libsysbase.a(syscall_support.o)
                0x800190ac                __malloc_unlock
                0x80018ff8                __libc_lock_release
                0x80018f78                __libc_lock_init
                0x80019078                __malloc_lock
                0x80018fb8                __libc_lock_close
                0x80019038                __libc_lock_acquire
 .text          0x800190e0       0x30 d:/_dev/devkitpro/devkitppc/bin/../lib/gcc/powerpc-gekko/4.2.4/../../../../powerpc-gekko/lib\libc.a(lib_a-atexit.o)
                0x800190e0                atexit
 .text          0x80019110       0x34 d:/_dev/devkitpro/devkitppc/bin/../lib/gcc/powerpc-gekko/4.2.4/../../../../powerpc-gekko/lib\libc.a(lib_a-calloc.o)
                0x80019110                calloc
 .text          0x80019144       0xd0 d:/_dev/devkitpro/devkitppc/bin/../lib/gcc/powerpc-gekko/4.2.4/../../../../powerpc-gekko/lib\libc.a(lib_a-callocr.o)
                0x80019144                _calloc_r
 .text          0x80019214        0xc d:/_dev/devkitpro/devkitppc/bin/../lib/gcc/powerpc-gekko/4.2.4/../../../../powerpc-gekko/lib\libc.a(lib_a-errno.o)
                0x80019214                __errno
 .text          0x80019220       0x40 d:/_dev/devkitpro/devkitppc/bin/../lib/gcc/powerpc-gekko/4.2.4/../../../../powerpc-gekko/lib\libc.a(lib_a-exit.o)
                0x80019220                exit
 .text          0x80019260      0x188 d:/_dev/devkitpro/devkitppc/bin/../lib/gcc/powerpc-gekko/4.2.4/../../../../powerpc-gekko/lib\libc.a(lib_a-fclose.o)
                0x80019260                _fclose_r
                0x800193d8                fclose
 .text          0x800193e8      0x370 d:/_dev/devkitpro/devkitppc/bin/../lib/gcc/powerpc-gekko/4.2.4/../../../../powerpc-gekko/lib\libc.a(lib_a-fflush.o)
                0x80019708                fflush
                0x800193e8                _fflush_r
 .text          0x80019758      0x4e0 d:/_dev/devkitpro/devkitppc/bin/../lib/gcc/powerpc-gekko/4.2.4/../../../../powerpc-gekko/lib\libc.a(lib_a-findfp.o)
                0x800199e8                __sinit
                0x80019a84                __sfmoreglue
                0x80019780                _cleanup
                0x80019758                _cleanup_r
                0x80019914                __fp_lock_all
                0x800198c4                __sfp_lock_acquire
                0x80019afc                __sfp
                0x800197ec                __sinit_lock_release
                0x80019840                __fp_unlock_all
                0x80019814                __sfp_lock_release
                0x80019878                __sinit_lock_acquire
 .text          0x80019c38      0x154 d:/_dev/devkitpro/devkitppc/bin/../lib/gcc/powerpc-gekko/4.2.4/../../../../powerpc-gekko/lib\libc.a(lib_a-fopen.o)
                0x80019d74                fopen
                0x80019c38                _fopen_r
 .text          0x80019d8c      0x110 d:/_dev/devkitpro/devkitppc/bin/../lib/gcc/powerpc-gekko/4.2.4/../../../../powerpc-gekko/lib\libc.a(lib_a-fprintf.o)
                0x80019d8c                fprintf
                0x80019e20                _fprintf_r
 .text          0x80019e9c      0x420 d:/_dev/devkitpro/devkitppc/bin/../lib/gcc/powerpc-gekko/4.2.4/../../../../powerpc-gekko/lib\libc.a(lib_a-fread.o)
                0x8001a294                fread
                0x80019e9c                _fread_r
 .text          0x8001a2bc      0x3f8 d:/_dev/devkitpro/devkitppc/bin/../lib/gcc/powerpc-gekko/4.2.4/../../../../powerpc-gekko/lib\libc.a(lib_a-freer.o)
                0x8001a3d8                _free_r
                0x8001a2bc                _malloc_trim_r
 .text          0x8001a6b4      0x6ac d:/_dev/devkitpro/devkitppc/bin/../lib/gcc/powerpc-gekko/4.2.4/../../../../powerpc-gekko/lib\libc.a(lib_a-fseek.o)
                0x8001ad40                fseek
                0x8001a6b4                _fseek_r
 .text          0x8001ad60      0x194 d:/_dev/devkitpro/devkitppc/bin/../lib/gcc/powerpc-gekko/4.2.4/../../../../powerpc-gekko/lib\libc.a(lib_a-fwalk.o)
                0x8001ae30                _fwalk
                0x8001ad60                _fwalk_reent
 .text          0x8001aef4      0x1a4 d:/_dev/devkitpro/devkitppc/bin/../lib/gcc/powerpc-gekko/4.2.4/../../../../powerpc-gekko/lib\libc.a(lib_a-fwrite.o)
                0x8001aef4                _fwrite_r
                0x8001b070                fwrite
 .text          0x8001b098       0x64 d:/_dev/devkitpro/devkitppc/bin/../lib/gcc/powerpc-gekko/4.2.4/../../../../powerpc-gekko/lib\libc.a(lib_a-getenv.o)
                0x8001b098                getenv
                0x8001b0c8                _findenv
 .text          0x8001b0fc      0x168 d:/_dev/devkitpro/devkitppc/bin/../lib/gcc/powerpc-gekko/4.2.4/../../../../powerpc-gekko/lib\libc.a(lib_a-getenv_r.o)
                0x8001b0fc                _findenv_r
                0x8001b240                _getenv_r
 .text          0x8001b264       0x24 d:/_dev/devkitpro/devkitppc/bin/../lib/gcc/powerpc-gekko/4.2.4/../../../../powerpc-gekko/lib\libc.a(lib_a-lcltime_r.o)
                0x8001b264                localtime_r
 .text          0x8001b288      0x4c4 d:/_dev/devkitpro/devkitppc/bin/../lib/gcc/powerpc-gekko/4.2.4/../../../../powerpc-gekko/lib\libc.a(lib_a-locale.o)
                0x8001b2ac                _setlocale_r
                0x8001b288                __locale_charset
                0x8001b294                _localeconv_r
                0x8001b734                setlocale
                0x8001b2a0                localeconv
 .text          0x8001b74c      0x1c0 d:/_dev/devkitpro/devkitppc/bin/../lib/gcc/powerpc-gekko/4.2.4/../../../../powerpc-gekko/lib\libc.a(lib_a-makebuf.o)
                0x8001b74c                __smakebuf_r
 .text          0x8001b90c       0x34 d:/_dev/devkitpro/devkitppc/bin/../lib/gcc/powerpc-gekko/4.2.4/../../../../powerpc-gekko/lib\libc.a(lib_a-malign.o)
                0x8001b90c                memalign
 .text          0x8001b940      0x1b0 d:/_dev/devkitpro/devkitppc/bin/../lib/gcc/powerpc-gekko/4.2.4/../../../../powerpc-gekko/lib\libc.a(lib_a-malignr.o)
                0x8001b940                _memalign_r
 .text          0x8001baf0       0x58 d:/_dev/devkitpro/devkitppc/bin/../lib/gcc/powerpc-gekko/4.2.4/../../../../powerpc-gekko/lib\libc.a(lib_a-malloc.o)
                0x8001bb1c                malloc
                0x8001baf0                free
 .text          0x8001bb48      0x86c d:/_dev/devkitpro/devkitppc/bin/../lib/gcc/powerpc-gekko/4.2.4/../../../../powerpc-gekko/lib\libc.a(lib_a-mallocr.o)
                0x8001bb48                _malloc_r
 .text          0x8001c3b4       0xb4 d:/_dev/devkitpro/devkitppc/bin/../lib/gcc/powerpc-gekko/4.2.4/../../../../powerpc-gekko/lib\libc.a(lib_a-mbrtowc.o)
                0x8001c440                mbrtowc
                0x8001c3b4                _mbrtowc_r
 .text          0x8001c468      0x1d4 d:/_dev/devkitpro/devkitppc/bin/../lib/gcc/powerpc-gekko/4.2.4/../../../../powerpc-gekko/lib\libc.a(lib_a-mbsrtowcs.o)
                0x8001c614                mbsrtowcs
                0x8001c468                _mbsrtowcs_r
 .text          0x8001c63c      0x9a8 d:/_dev/devkitpro/devkitppc/bin/../lib/gcc/powerpc-gekko/4.2.4/../../../../powerpc-gekko/lib\libc.a(lib_a-mbtowc_r.o)
                0x8001c63c                _mbtowc_r
 .text          0x8001cfe4       0x8c d:/_dev/devkitpro/devkitppc/bin/../lib/gcc/powerpc-gekko/4.2.4/../../../../powerpc-gekko/lib\libc.a(lib_a-memcmp.o)
                0x8001cfe4                memcmp
 .text          0x8001d070       0xc8 d:/_dev/devkitpro/devkitppc/bin/../lib/gcc/powerpc-gekko/4.2.4/../../../../powerpc-gekko/lib\libc.a(lib_a-memcpy.o)
                0x8001d070                memcpy
 .text          0x8001d138      0x104 d:/_dev/devkitpro/devkitppc/bin/../lib/gcc/powerpc-gekko/4.2.4/../../../../powerpc-gekko/lib\libc.a(lib_a-memmove.o)
                0x8001d138                memmove
 .text          0x8001d23c       0xe4 d:/_dev/devkitpro/devkitppc/bin/../lib/gcc/powerpc-gekko/4.2.4/../../../../powerpc-gekko/lib\libc.a(lib_a-memset.o)
                0x8001d23c                memset
 .text          0x8001d320      0x740 d:/_dev/devkitpro/devkitppc/bin/../lib/gcc/powerpc-gekko/4.2.4/../../../../powerpc-gekko/lib\libc.a(lib_a-mktime.o)
                0x8001d670                mktime
 .text          0x8001da60      0x870 d:/_dev/devkitpro/devkitppc/bin/../lib/gcc/powerpc-gekko/4.2.4/../../../../powerpc-gekko/lib\libc.a(lib_a-mktm_r.o)
                0x8001da60                __tzcalc_limits
                0x8001dcd4                _mktm_r
 .text          0x8001e2d0      0x124 d:/_dev/devkitpro/devkitppc/bin/../lib/gcc/powerpc-gekko/4.2.4/../../../../powerpc-gekko/lib\libc.a(lib_a-printf.o)
                0x8001e2d0                printf
                0x8001e368                _printf_r
 .text          0x8001e3f4       0xd0 d:/_dev/devkitpro/devkitppc/bin/../lib/gcc/powerpc-gekko/4.2.4/../../../../powerpc-gekko/lib\libc.a(lib_a-puts.o)
                0x8001e3f4                _puts_r
                0x8001e4b4                puts
 .text          0x8001e4c4      0x248 d:/_dev/devkitpro/devkitppc/bin/../lib/gcc/powerpc-gekko/4.2.4/../../../../powerpc-gekko/lib\libc.a(lib_a-reent.o)
                0x8001e584                cleanup_glue
                0x8001e5d4                _reclaim_reent
                0x8001e4c4                _wrapup_reent
 .text          0x8001e70c      0x264 d:/_dev/devkitpro/devkitppc/bin/../lib/gcc/powerpc-gekko/4.2.4/../../../../powerpc-gekko/lib\libc.a(lib_a-refill.o)
                0x8001e70c                __srefill_r
 .text          0x8001e970      0x180 d:/_dev/devkitpro/devkitppc/bin/../lib/gcc/powerpc-gekko/4.2.4/../../../../powerpc-gekko/lib\libc.a(lib_a-setjmp.o)
                0x8001ea2c                longjmp
                0x8001e970                setjmp
 .text          0x8001eaf0      0x2cc d:/_dev/devkitpro/devkitppc/bin/../lib/gcc/powerpc-gekko/4.2.4/../../../../powerpc-gekko/lib\libc.a(lib_a-setvbuf.o)
                0x8001eaf0                setvbuf
 .text          0x8001edbc      0x230 d:/_dev/devkitpro/devkitppc/bin/../lib/gcc/powerpc-gekko/4.2.4/../../../../powerpc-gekko/lib\libc.a(lib_a-snprintf.o)
                0x8001edbc                snprintf
                0x8001eed4                _snprintf_r
 .text          0x8001efec      0x188 d:/_dev/devkitpro/devkitppc/bin/../lib/gcc/powerpc-gekko/4.2.4/../../../../powerpc-gekko/lib\libc.a(lib_a-sprintf.o)
                0x8001f0b8                _sprintf_r
                0x8001efec                sprintf
 .text          0x8001f174      0x1c4 d:/_dev/devkitpro/devkitppc/bin/../lib/gcc/powerpc-gekko/4.2.4/../../../../powerpc-gekko/lib\libc.a(lib_a-sscanf.o)
                0x8001f25c                sscanf
                0x8001f17c                _sscanf_r
 .text          0x8001f338      0x184 d:/_dev/devkitpro/devkitppc/bin/../lib/gcc/powerpc-gekko/4.2.4/../../../../powerpc-gekko/lib\libc.a(lib_a-stdio.o)
                0x8001f35c                __sseek
                0x8001f458                __sread
                0x8001f338                __sclose
                0x8001f3cc                __swrite
 .text          0x8001f4bc      0x188 d:/_dev/devkitpro/devkitppc/bin/../lib/gcc/powerpc-gekko/4.2.4/../../../../powerpc-gekko/lib\libc.a(lib_a-strchr.o)
                0x8001f4bc                strchr
 .text          0x8001f644       0xc0 d:/_dev/devkitpro/devkitppc/bin/../lib/gcc/powerpc-gekko/4.2.4/../../../../powerpc-gekko/lib\libc.a(lib_a-strcmp.o)
                0x8001f644                strcmp
 .text          0x8001f704       0x74 d:/_dev/devkitpro/devkitppc/bin/../lib/gcc/powerpc-gekko/4.2.4/../../../../powerpc-gekko/lib\libc.a(lib_a-strcpy.o)
                0x8001f704                strcpy
 .text          0x8001f778       0xa4 d:/_dev/devkitpro/devkitppc/bin/../lib/gcc/powerpc-gekko/4.2.4/../../../../powerpc-gekko/lib\libc.a(lib_a-strlen.o)
                0x8001f778                strlen
 .text          0x8001f81c       0xe0 d:/_dev/devkitpro/devkitppc/bin/../lib/gcc/powerpc-gekko/4.2.4/../../../../powerpc-gekko/lib\libc.a(lib_a-strncasecmp.o)
                0x8001f81c                strncasecmp
 .text          0x8001f8fc      0x144 d:/_dev/devkitpro/devkitppc/bin/../lib/gcc/powerpc-gekko/4.2.4/../../../../powerpc-gekko/lib\libc.a(lib_a-strncmp.o)
                0x8001f8fc                strncmp
 .text          0x8001fa40       0xdc d:/_dev/devkitpro/devkitppc/bin/../lib/gcc/powerpc-gekko/4.2.4/../../../../powerpc-gekko/lib\libc.a(lib_a-strncpy.o)
                0x8001fa40                strncpy
 .text          0x8001fb1c       0x44 d:/_dev/devkitpro/devkitppc/bin/../lib/gcc/powerpc-gekko/4.2.4/../../../../powerpc-gekko/lib\libc.a(lib_a-strnlen.o)
                0x8001fb1c                strnlen
 .text          0x8001fb60       0x50 d:/_dev/devkitpro/devkitppc/bin/../lib/gcc/powerpc-gekko/4.2.4/../../../../powerpc-gekko/lib\libc.a(lib_a-strpbrk.o)
                0x8001fb60                strpbrk
 .text          0x8001fbb0       0x84 d:/_dev/devkitpro/devkitppc/bin/../lib/gcc/powerpc-gekko/4.2.4/../../../../powerpc-gekko/lib\libc.a(lib_a-strrchr.o)
                0x8001fbb0                strrchr
 .text          0x8001fc34     0x13c0 d:/_dev/devkitpro/devkitppc/bin/../lib/gcc/powerpc-gekko/4.2.4/../../../../powerpc-gekko/lib\libc.a(lib_a-strtod.o)
                0x8001fc80                _strtod_r
                0x80020fdc                strtod
                0x80020f70                strtof
 .text          0x80020ff4      0x1f4 d:/_dev/devkitpro/devkitppc/bin/../lib/gcc/powerpc-gekko/4.2.4/../../../../powerpc-gekko/lib\libc.a(lib_a-strtoul.o)
                0x800211c8                strtoul
                0x80020ff4                _strtoul_r
 .text          0x800211e8      0x290 d:/_dev/devkitpro/devkitppc/bin/../lib/gcc/powerpc-gekko/4.2.4/../../../../powerpc-gekko/lib\libc.a(lib_a-strtoull_r.o)
                0x800211e8                _strtoull_r
 .text          0x80021478     0x23c8 d:/_dev/devkitpro/devkitppc/bin/../lib/gcc/powerpc-gekko/4.2.4/../../../../powerpc-gekko/lib\libc.a(lib_a-svfprintf.o)
                0x80021690                _svfprintf_r
 .text          0x80023840     0x15e0 d:/_dev/devkitpro/devkitppc/bin/../lib/gcc/powerpc-gekko/4.2.4/../../../../powerpc-gekko/lib\libc.a(lib_a-svfscanf.o)
                0x80023a0c                __ssvfscanf_r
 .text          0x80024e20       0x3c d:/_dev/devkitpro/devkitppc/bin/../lib/gcc/powerpc-gekko/4.2.4/../../../../powerpc-gekko/lib\libc.a(lib_a-syswrite.o)
                0x80024e20                write
 .text          0x80024e5c      0x724 d:/_dev/devkitpro/devkitppc/bin/../lib/gcc/powerpc-gekko/4.2.4/../../../../powerpc-gekko/lib\libc.a(lib_a-towlower.o)
                0x80024e5c                towlower
 .text          0x80025580      0x704 d:/_dev/devkitpro/devkitppc/bin/../lib/gcc/powerpc-gekko/4.2.4/../../../../powerpc-gekko/lib\libc.a(lib_a-towupper.o)
                0x80025580                towupper
 .text          0x80025c84       0x74 d:/_dev/devkitpro/devkitppc/bin/../lib/gcc/powerpc-gekko/4.2.4/../../../../powerpc-gekko/lib\libc.a(lib_a-tzlock.o)
                0x80025c84                __tz_unlock
                0x80025cac                __tz_lock
 .text          0x80025cf8      0x3a0 d:/_dev/devkitpro/devkitppc/bin/../lib/gcc/powerpc-gekko/4.2.4/../../../../powerpc-gekko/lib\libc.a(lib_a-ungetc.o)
                0x80026080                ungetc
                0x80025cf8                __submore
                0x80025e24                _ungetc_r
 .text          0x80026098     0x2360 d:/_dev/devkitpro/devkitppc/bin/../lib/gcc/powerpc-gekko/4.2.4/../../../../powerpc-gekko/lib\libc.a(lib_a-vfprintf.o)
                0x800260f8                _vfprintf_r
                0x800283d8                vfprintf
 .text          0x800283f8       0xa4 d:/_dev/devkitpro/devkitppc/bin/../lib/gcc/powerpc-gekko/4.2.4/../../../../powerpc-gekko/lib\libc.a(lib_a-wcrtomb.o)
                0x800283f8                _wcrtomb_r
                0x8002847c                wcrtomb
 .text          0x8002849c      0x1d4 d:/_dev/devkitpro/devkitppc/bin/../lib/gcc/powerpc-gekko/4.2.4/../../../../powerpc-gekko/lib\libc.a(lib_a-wcsrtombs.o)
                0x8002849c                _wcsrtombs_r
                0x80028648                wcsrtombs
 .text          0x80028670       0x78 d:/_dev/devkitpro/devkitppc/bin/../lib/gcc/powerpc-gekko/4.2.4/../../../../powerpc-gekko/lib\libc.a(lib_a-wctob.o)
                0x80028670                wctob
 .text          0x800286e8      0x464 d:/_dev/devkitpro/devkitppc/bin/../lib/gcc/powerpc-gekko/4.2.4/../../../../powerpc-gekko/lib\libc.a(lib_a-wctomb_r.o)
                0x800286e8                _wctomb_r
 .text          0x80028b4c      0x178 d:/_dev/devkitpro/devkitppc/bin/../lib/gcc/powerpc-gekko/4.2.4/../../../../powerpc-gekko/lib\libc.a(lib_a-wsetup.o)
                0x80028b4c                __swsetup_r
 .text          0x80028cc4      0x174 d:/_dev/devkitpro/devkitppc/bin/../lib/gcc/powerpc-gekko/4.2.4/../../../../powerpc-gekko/lib\libc.a(lib_a-__atexit.o)
                0x80028cc4                __register_exitproc
 .text          0x80028e38      0x1ac d:/_dev/devkitpro/devkitppc/bin/../lib/gcc/powerpc-gekko/4.2.4/../../../../powerpc-gekko/lib\libc.a(lib_a-__call_atexit.o)
                0x80028e38                __call_exitprocs
 .text          0x80028fe4       0x54 d:/_dev/devkitpro/devkitppc/bin/../lib/gcc/powerpc-gekko/4.2.4/../../../../powerpc-gekko/lib\libc.a(lib_a-div.o)
                0x80028fe4                div
 .text          0x80029038     0x13a0 d:/_dev/devkitpro/devkitppc/bin/../lib/gcc/powerpc-gekko/4.2.4/../../../../powerpc-gekko/lib\libc.a(lib_a-dtoa.o)
                0x80029284                _dtoa_r
 .text          0x8002a3d8       0x74 d:/_dev/devkitpro/devkitppc/bin/../lib/gcc/powerpc-gekko/4.2.4/../../../../powerpc-gekko/lib\libc.a(lib_a-envlock.o)
                0x8002a3d8                __env_unlock
                0x8002a400                __env_lock
 .text          0x8002a44c       0xa4 d:/_dev/devkitpro/devkitppc/bin/../lib/gcc/powerpc-gekko/4.2.4/../../../../powerpc-gekko/lib\libc.a(lib_a-flags.o)
                0x8002a44c                __sflags
 .text          0x8002a4f0      0x528 d:/_dev/devkitpro/devkitppc/bin/../lib/gcc/powerpc-gekko/4.2.4/../../../../powerpc-gekko/lib\libc.a(lib_a-fvwrite.o)
                0x8002a4f0                __sfvwrite_r
 .text          0x8002aa18      0x918 d:/_dev/devkitpro/devkitppc/bin/../lib/gcc/powerpc-gekko/4.2.4/../../../../powerpc-gekko/lib\libc.a(lib_a-gdtoa-gethex.o)
                0x8002aa50                __hexdig_init
                0x8002abac                __gethex
 .text          0x8002b330      0x328 d:/_dev/devkitpro/devkitppc/bin/../lib/gcc/powerpc-gekko/4.2.4/../../../../powerpc-gekko/lib\libc.a(lib_a-gdtoa-hexnan.o)
                0x8002b364                __hexnan
 .text          0x8002b658        0xc d:/_dev/devkitpro/devkitppc/bin/../lib/gcc/powerpc-gekko/4.2.4/../../../../powerpc-gekko/lib\libc.a(lib_a-gettzinfo.o)
                0x8002b658                __gettzinfo
 .text          0x8002b664      0x184 d:/_dev/devkitpro/devkitppc/bin/../lib/gcc/powerpc-gekko/4.2.4/../../../../powerpc-gekko/lib\libc.a(lib_a-iswspace.o)
                0x8002b664                iswspace
 .text          0x8002b7e8      0x234 d:/_dev/devkitpro/devkitppc/bin/../lib/gcc/powerpc-gekko/4.2.4/../../../../powerpc-gekko/lib\libc.a(lib_a-jp2uc.o)
                0x8002b7e8                __jp2uc
 .text          0x8002ba1c       0xdc d:/_dev/devkitpro/devkitppc/bin/../lib/gcc/powerpc-gekko/4.2.4/../../../../powerpc-gekko/lib\libc.a(lib_a-memchr.o)
                0x8002ba1c                memchr
 .text          0x8002baf8     0x1128 d:/_dev/devkitpro/devkitppc/bin/../lib/gcc/powerpc-gekko/4.2.4/../../../../powerpc-gekko/lib\libc.a(lib_a-mprec.o)
                0x8002bf60                _mprec_log10
                0x8002c004                __any_on
                0x8002c0a4                _Balloc
                0x8002be9c                __ratio
                0x8002c878                __i2b
                0x8002bd4c                __b2d
                0x8002caf8                __s2b
                0x8002bc4c                __mcmp
                0x8002bb1c                __hi0bits
                0x8002c9cc                __pow5mult
                0x8002c4d8                __lshift
                0x8002c640                __multiply
                0x8002c174                __d2b
                0x8002bf9c                __copybits
                0x8002bcac                __ulp
                0x8002c31c                __mdiff
                0x8002bb88                __lo0bits
                0x8002c8b4                __multadd
                0x8002baf8                _Bfree
 .text          0x8002cc20      0x668 d:/_dev/devkitpro/devkitppc/bin/../lib/gcc/powerpc-gekko/4.2.4/../../../../powerpc-gekko/lib\libc.a(lib_a-reallocr.o)
                0x8002cc20                _realloc_r
 .text          0x8002d288       0x44 d:/_dev/devkitpro/devkitppc/bin/../lib/gcc/powerpc-gekko/4.2.4/../../../../powerpc-gekko/lib\libc.a(lib_a-s_isinfd.o)
                0x8002d288                __isinfd
 .text          0x8002d2cc       0xf4 d:/_dev/devkitpro/devkitppc/bin/../lib/gcc/powerpc-gekko/4.2.4/../../../../powerpc-gekko/lib\libc.a(lib_a-sccl.o)
                0x8002d2cc                __sccl
 .text          0x8002d3c0       0x18 d:/_dev/devkitpro/devkitppc/bin/../lib/gcc/powerpc-gekko/4.2.4/../../../../powerpc-gekko/lib\libc.a(lib_a-sf_nan.o)
                0x8002d3c0                nanf
 .text          0x8002d3d8      0x208 d:/_dev/devkitpro/devkitppc/bin/../lib/gcc/powerpc-gekko/4.2.4/../../../../powerpc-gekko/lib\libc.a(lib_a-strtol.o)
                0x8002d5c0                strtol
                0x8002d3d8                _strtol_r
 .text          0x8002d5e0      0x2cc d:/_dev/devkitpro/devkitppc/bin/../lib/gcc/powerpc-gekko/4.2.4/../../../../powerpc-gekko/lib\libc.a(lib_a-strtoll_r.o)
                0x8002d5e0                _strtoll_r
 .text          0x8002d8ac       0xa0 d:/_dev/devkitpro/devkitppc/bin/../lib/gcc/powerpc-gekko/4.2.4/../../../../powerpc-gekko/lib\libsysbase.a(close.o)
                0x8002d8ac                _close_r
 .text          0x8002d94c       0xc4 d:/_dev/devkitpro/devkitppc/bin/../lib/gcc/powerpc-gekko/4.2.4/../../../../powerpc-gekko/lib\libsysbase.a(fstat.o)
                0x8002d94c                _fstat_r
 .text          0x8002da10        0x8 d:/_dev/devkitpro/devkitppc/bin/../lib/gcc/powerpc-gekko/4.2.4/../../../../powerpc-gekko/lib\libsysbase.a(isatty.o)
                0x8002da10                _isatty_r
 .text          0x8002da18       0xe8 d:/_dev/devkitpro/devkitppc/bin/../lib/gcc/powerpc-gekko/4.2.4/../../../../powerpc-gekko/lib\libsysbase.a(lseek.o)
                0x8002da18                _lseek_r
 .text          0x8002db00      0x14c d:/_dev/devkitpro/devkitppc/bin/../lib/gcc/powerpc-gekko/4.2.4/../../../../powerpc-gekko/lib\libsysbase.a(open.o)
                0x8002db00                _open_r
 .text          0x8002dc4c       0xcc d:/_dev/devkitpro/devkitppc/bin/../lib/gcc/powerpc-gekko/4.2.4/../../../../powerpc-gekko/lib\libsysbase.a(read.o)
                0x8002dc4c                _read_r
 .text          0x8002dd18       0x50 d:/_dev/devkitpro/devkitppc/bin/../lib/gcc/powerpc-gekko/4.2.4/../../../../powerpc-gekko/lib\libsysbase.a(sbrk.o)
                0x8002dd18                _sbrk_r
 .text          0x8002dd68       0xcc d:/_dev/devkitpro/devkitppc/bin/../lib/gcc/powerpc-gekko/4.2.4/../../../../powerpc-gekko/lib\libsysbase.a(write.o)
                0x8002dd68                _write_r
 .text          0x8002de34       0x6c d:/_dev/devkitpro/devkitppc/bin/../lib/gcc/powerpc-gekko/4.2.4/../../../../powerpc-gekko/lib\libsysbase.a(flock.o)
                0x8002de58                __flockfile
                0x8002de34                __funlockfile
 .text          0x8002dea0      0x120 d:/_dev/devkitpro/devkitppc/bin/../lib/gcc/powerpc-gekko/4.2.4/../../../../powerpc-gekko/lib\libsysbase.a(handle_manager.o)
                0x8002df64                __release_handle
                0x8002decc                __alloc_handle
                0x8002dea0                __get_handle
 .text          0x8002dfc0      0x450 d:/_dev/devkitpro/devkitppc/bin/../lib/gcc/powerpc-gekko/4.2.4\libgcc.a(_umoddi3.o)
                0x8002dfc0                __umoddi3
 .text          0x8002e410       0x6c d:/_dev/devkitpro/devkitppc/bin/../lib/gcc/powerpc-gekko/4.2.4/crtend.o
 *(.text.*)
 .text.wscan    0x8002e47c       0x94 wii_demo.o
                0x8002e47c                wscan
 .text.test_font
                0x8002e510      0x414 wii_demo.o
                0x8002e510                test_font
 .text.winit    0x8002e924       0x7c wii_demo.o
                0x8002e924                winit
 .text.main     0x8002e9a0       0x1c wii_demo.o
                0x8002e9a0                main
 .text.wobble   0x8002e9bc       0x70 hooks.o
                0x8002e9bc                wobble
 .text.missing_hash
                0x8002ea2c       0x18 hooks.o
                0x8002ea2c                missing_hash
 .text.wl_align
                0x8002ea44       0x1c hooks.o
                0x8002ea44                wl_align
 .text.BMF_statePut
                0x8002ea60       0x34 d:/_Dev/devkitpro/libogc/lib/wii\libwiifont.a(bmf_core.o)
                0x8002ea60                BMF_statePut
 .text.BMF_stateGet
                0x8002ea94       0x64 d:/_Dev/devkitpro/libogc/lib/wii\libwiifont.a(bmf_core.o)
                0x8002ea94                BMF_stateGet
 .text.BMF_Init
                0x8002eaf8       0xa4 d:/_Dev/devkitpro/libogc/lib/wii\libwiifont.a(bmf_core.o)
                0x8002eaf8                BMF_Init
 .text.BMF_goto
                0x8002eb9c       0x54 d:/_Dev/devkitpro/libogc/lib/wii\libwiifont.a(bmf_cursor.o)
                0x8002eb9c                BMF_goto
 .text.BMF_home
                0x8002ebf0       0x14 d:/_Dev/devkitpro/libogc/lib/wii\libwiifont.a(bmf_cursor.o)
                0x8002ebf0                BMF_home
 .text.BMF_getcur
                0x8002ec04       0x24 d:/_Dev/devkitpro/libogc/lib/wii\libwiifont.a(bmf_cursor.o)
                0x8002ec04                BMF_getcur
 .text.BMF_cr   0x8002ec28       0x70 d:/_Dev/devkitpro/libogc/lib/wii\libwiifont.a(bmf_cursor.o)
                0x8002ec28                BMF_cr
 .text.BMF_lf   0x8002ec98       0x5c d:/_Dev/devkitpro/libogc/lib/wii\libwiifont.a(bmf_cursor.o)
                0x8002ec98                BMF_lf
 .text.BMF_track
                0x8002ecf4        0x8 d:/_Dev/devkitpro/libogc/lib/wii\libwiifont.a(bmf_font.o)
                0x8002ecf4                BMF_track
 .text.BMF_lead
                0x8002ecfc        0x8 d:/_Dev/devkitpro/libogc/lib/wii\libwiifont.a(bmf_font.o)
                0x8002ecfc                BMF_lead
 .text.BMF_load
                0x8002ed04      0x4f8 d:/_Dev/devkitpro/libogc/lib/wii\libwiifont.a(bmf_font.o)
                0x8002ed04                BMF_load
 .text.BMF_hookSet
                0x8002f1fc       0x50 d:/_Dev/devkitpro/libogc/lib/wii\libwiifont.a(bmf_hook.o)
                0x8002f1fc                BMF_hookSet
 .text.BMF_area
                0x8002f24c       0x64 d:/_Dev/devkitpro/libogc/lib/wii\libwiifont.a(bmf_layout.o)
                0x8002f24c                BMF_area
 .text.BMF_halfc
                0x8002f2b0        0xc d:/_Dev/devkitpro/libogc/lib/wii\libwiifont.a(bmf_layout.o)
                0x8002f2b0                BMF_halfc
 .text.BMF_autolf
                0x8002f2bc        0xc d:/_Dev/devkitpro/libogc/lib/wii\libwiifont.a(bmf_layout.o)
                0x8002f2bc                BMF_autolf
 .text.BMF_puts
                0x8002f2c8      0x23c d:/_Dev/devkitpro/libogc/lib/wii\libwiifont.a(bmf_str.o)
                0x8002f2c8                BMF_puts
 .text.BMF_slen
                0x8002f504       0x7c d:/_Dev/devkitpro/libogc/lib/wii\libwiifont.a(bmf_str.o)
                0x8002f504                BMF_slen
 .text.drawc_vid_grr
                0x8002f580      0x3e4 d:/_Dev/devkitpro/libogc/lib/wii\libwiifont.a(drawc_vid_grr.o)
                0x8002f580                drawc_vid_grr
 .text.dc_vgs_cfg
                0x8002f964       0x70 d:/_Dev/devkitpro/libogc/lib/wii\libwiifont.a(drawc_vid_grr_shad.o)
                0x8002f964                dc_vgs_cfg
 .text.dc_vgs_init
                0x8002f9d4       0x5c d:/_Dev/devkitpro/libogc/lib/wii\libwiifont.a(drawc_vid_grr_shad.o)
                0x8002f9d4                dc_vgs_init
 .text.drawc_vid_grr_shad
                0x8002fa30      0x6cc d:/_Dev/devkitpro/libogc/lib/wii\libwiifont.a(drawc_vid_grr_shad.o)
                0x8002fa30                drawc_vid_grr_shad
 .text.lscroll_doit
                0x800300fc      0x1b4 d:/_Dev/devkitpro/libogc/lib/wii\libwiifont.a(lscroll.o)
                0x800300fc                lscroll_doit
 .text.lscroll_set
                0x800302b0       0x84 d:/_Dev/devkitpro/libogc/lib/wii\libwiifont.a(lscroll.o)
                0x800302b0                lscroll_set
 .text.lscroll_init
                0x80030334       0x30 d:/_Dev/devkitpro/libogc/lib/wii\libwiifont.a(lscroll.o)
                0x80030334                lscroll_init
 .text.lscroll_sine
                0x80030364      0x150 d:/_Dev/devkitpro/libogc/lib/wii\libwiifont.a(lscroll.o)
                0x80030364                lscroll_sine
 .text.BMF_findc
                0x800304b4      0x258 d:/_Dev/devkitpro/libogc/lib/wii\libwiifont.a(bmf_chr.o)
                0x800304b4                BMF_findc
 .text.BMF_putc
                0x8003070c      0x7f8 d:/_Dev/devkitpro/libogc/lib/wii\libwiifont.a(bmf_chr.o)
                0x8003070c                BMF_putc
 .text.GRRLIB_ClipReset
                0x80030f04       0x40 d:/_Dev/devkitpro/libogc/lib/wii\libgrrlib.a(GRRLIB_core.o)
                0x80030f04                GRRLIB_ClipReset
 .text.GRRLIB_Init
                0x80030f44      0x4b4 d:/_Dev/devkitpro/libogc/lib/wii\libgrrlib.a(GRRLIB_core.o)
                0x80030f44                GRRLIB_Init
 .text.GRRLIB_GXEngine
                0x800313f8       0x9c d:/_Dev/devkitpro/libogc/lib/wii\libgrrlib.a(GRRLIB_core.o)
                0x800313f8                GRRLIB_GXEngine
 .text.GRRLIB_NGoneFilled
                0x80031494        0x8 d:/_Dev/devkitpro/libogc/lib/wii\libgrrlib.a(GRRLIB_core.o)
                0x80031494                GRRLIB_NGoneFilled
 .text.GRRLIB_NGone
                0x8003149c        0x8 d:/_Dev/devkitpro/libogc/lib/wii\libgrrlib.a(GRRLIB_core.o)
                0x8003149c                GRRLIB_NGone
 .text.GRRLIB_Rectangle
                0x800314a4       0xb0 d:/_Dev/devkitpro/libogc/lib/wii\libgrrlib.a(GRRLIB_core.o)
                0x800314a4                GRRLIB_Rectangle
 .text.GRRLIB_FillScreen
                0x80031554       0x6c d:/_Dev/devkitpro/libogc/lib/wii\libgrrlib.a(GRRLIB_core.o)
                0x80031554                GRRLIB_FillScreen
 .text.GRRLIB_Exit
                0x800315c0      0x10c d:/_Dev/devkitpro/libogc/lib/wii\libgrrlib.a(GRRLIB_core.o)
                0x800315c0                GRRLIB_Exit
 .text.GRRLIB_Render
                0x800316cc       0xa8 d:/_Dev/devkitpro/libogc/lib/wii\libgrrlib.a(GRRLIB_render.o)
                0x800316cc                GRRLIB_Render
 .text.GRRLIB_LoadTextureJPG
                0x80031774      0x39c d:/_Dev/devkitpro/libogc/lib/wii\libgrrlib.a(GRRLIB_texEdit.o)
                0x80031774                GRRLIB_LoadTextureJPG
 .text.GRRLIB_LoadTexturePNG
                0x80031b10      0x108 d:/_Dev/devkitpro/libogc/lib/wii\libgrrlib.a(GRRLIB_texEdit.o)
                0x80031b10                GRRLIB_LoadTexturePNG
 .text.GRRLIB_LoadTexture
                0x80031c18       0x34 d:/_Dev/devkitpro/libogc/lib/wii\libgrrlib.a(GRRLIB_texEdit.o)
                0x80031c18                GRRLIB_LoadTexture
 .text.pngu_read_data_from_buffer
                0x80031c4c       0x68 d:/_Dev/devkitpro/libogc/lib/wii\libpngu.a(pngu.o)
                0x80031c4c                pngu_read_data_from_buffer
 .text.pngu_free_info
                0x80031cb4       0x64 d:/_Dev/devkitpro/libogc/lib/wii\libpngu.a(pngu.o)
                0x80031cb4                pngu_free_info
 .text.PNGU_SelectImageFromBuffer
                0x80031d18       0x74 d:/_Dev/devkitpro/libogc/lib/wii\libpngu.a(pngu.o)
                0x80031d18                PNGU_SelectImageFromBuffer
 .text.PNGU_ReleaseImageContext
                0x80031d8c       0x68 d:/_Dev/devkitpro/libogc/lib/wii\libpngu.a(pngu.o)
                0x80031d8c                PNGU_ReleaseImageContext
 .text.pngu_info
                0x80031df4      0x508 d:/_Dev/devkitpro/libogc/lib/wii\libpngu.a(pngu.o)
                0x80031df4                pngu_info
 .text.pngu_decode
                0x800322fc      0x254 d:/_Dev/devkitpro/libogc/lib/wii\libpngu.a(pngu.o)
                0x800322fc                pngu_decode
 .text.PNGU_DecodeTo4x4RGBA8
                0x80032550      0xc3c d:/_Dev/devkitpro/libogc/lib/wii\libpngu.a(pngu.o)
                0x80032550                PNGU_DecodeTo4x4RGBA8
 .text.PNGU_GetImageProperties
                0x8003318c       0x94 d:/_Dev/devkitpro/libogc/lib/wii\libpngu.a(pngu.o)
                0x8003318c                PNGU_GetImageProperties
 .text.png_get_io_ptr
                0x80033220       0x18 d:/_Dev/devkitpro/libogc/lib/wii\libpng.a(png.o)
                0x80033220                png_get_io_ptr
 .text.png_init_io
                0x80033238       0x10 d:/_Dev/devkitpro/libogc/lib/wii\libpng.a(png.o)
                0x80033238                png_init_io
 .text.png_handle_as_unknown
                0x80033248       0xac d:/_Dev/devkitpro/libogc/lib/wii\libpng.a(png.o)
                0x80033248                png_handle_as_unknown
 .text.png_sig_cmp
                0x800332f4       0x8c d:/_Dev/devkitpro/libogc/lib/wii\libpng.a(png.o)
                0x800332f4                png_sig_cmp
 .text.png_zfree
                0x80033380       0x20 d:/_Dev/devkitpro/libogc/lib/wii\libpng.a(png.o)
                0x80033380                png_zfree
 .text.png_free_data
                0x800333a0      0x548 d:/_Dev/devkitpro/libogc/lib/wii\libpng.a(png.o)
                0x800333a0                png_free_data
 .text.png_zalloc
                0x800338e8       0x80 d:/_Dev/devkitpro/libogc/lib/wii\libpng.a(png.o)
                0x800338e8                png_zalloc
 .text.png_info_init_3
                0x80033968       0x5c d:/_Dev/devkitpro/libogc/lib/wii\libpng.a(png.o)
                0x80033968                png_info_init_3
 .text.png_info_destroy
                0x800339c4       0x68 d:/_Dev/devkitpro/libogc/lib/wii\libpng.a(png.o)
                0x800339c4                png_info_destroy
 .text.png_create_info_struct
                0x80033a2c       0x58 d:/_Dev/devkitpro/libogc/lib/wii\libpng.a(png.o)
                0x80033a2c                png_create_info_struct
 .text.png_calculate_crc
                0x80033a84       0x70 d:/_Dev/devkitpro/libogc/lib/wii\libpng.a(png.o)
                0x80033a84                png_calculate_crc
 .text.png_reset_crc
                0x80033af4       0x3c d:/_Dev/devkitpro/libogc/lib/wii\libpng.a(png.o)
                0x80033af4                png_reset_crc
 .text.png_set_sig_bytes
                0x80033b30       0x60 d:/_Dev/devkitpro/libogc/lib/wii\libpng.a(png.o)
                0x80033b30                png_set_sig_bytes
 .text.png_set_error_fn
                0x80033b90       0x18 d:/_Dev/devkitpro/libogc/lib/wii\libpng.a(pngerror.o)
                0x80033b90                png_set_error_fn
 .text.png_format_buffer
                0x80033ba8      0x10c d:/_Dev/devkitpro/libogc/lib/wii\libpng.a(pngerror.o)
 .text.png_warning
                0x80033cb4      0x11c d:/_Dev/devkitpro/libogc/lib/wii\libpng.a(pngerror.o)
                0x80033cb4                png_warning
 .text.png_chunk_warning
                0x80033dd0       0x50 d:/_Dev/devkitpro/libogc/lib/wii\libpng.a(pngerror.o)
                0x80033dd0                png_chunk_warning
 .text.png_error
                0x80033e20      0x1d8 d:/_Dev/devkitpro/libogc/lib/wii\libpng.a(pngerror.o)
                0x80033e20                png_error
 .text.png_chunk_error
                0x80033ff8       0x50 d:/_Dev/devkitpro/libogc/lib/wii\libpng.a(pngerror.o)
                0x80033ff8                png_chunk_error
 .text.png_get_rowbytes
                0x80034048       0x20 d:/_Dev/devkitpro/libogc/lib/wii\libpng.a(pngget.o)
                0x80034048                png_get_rowbytes
 .text.png_get_bKGD
                0x80034068       0x3c d:/_Dev/devkitpro/libogc/lib/wii\libpng.a(pngget.o)
                0x80034068                png_get_bKGD
 .text.png_get_tRNS
                0x800340a4       0xa4 d:/_Dev/devkitpro/libogc/lib/wii\libpng.a(pngget.o)
                0x800340a4                png_get_tRNS
 .text.png_get_IHDR
                0x80034148      0x21c d:/_Dev/devkitpro/libogc/lib/wii\libpng.a(pngget.o)
                0x80034148                png_get_IHDR
 .text.png_set_mem_fn
                0x80034364       0x18 d:/_Dev/devkitpro/libogc/lib/wii\libpng.a(pngmem.o)
                0x80034364                png_set_mem_fn
 .text.png_memset_check
                0x8003437c       0x2c d:/_Dev/devkitpro/libogc/lib/wii\libpng.a(pngmem.o)
                0x8003437c                png_memset_check
 .text.png_memcpy_check
                0x800343a8       0x2c d:/_Dev/devkitpro/libogc/lib/wii\libpng.a(pngmem.o)
                0x800343a8                png_memcpy_check
 .text.png_free_default
                0x800343d4       0x34 d:/_Dev/devkitpro/libogc/lib/wii\libpng.a(pngmem.o)
                0x800343d4                png_free_default
 .text.png_free
                0x80034408       0x50 d:/_Dev/devkitpro/libogc/lib/wii\libpng.a(pngmem.o)
                0x80034408                png_free
 .text.png_destroy_struct_2
                0x80034458       0x58 d:/_Dev/devkitpro/libogc/lib/wii\libpng.a(pngmem.o)
                0x80034458                png_destroy_struct_2
 .text.png_destroy_struct
                0x800344b0        0xc d:/_Dev/devkitpro/libogc/lib/wii\libpng.a(pngmem.o)
                0x800344b0                png_destroy_struct
 .text.png_malloc_default
                0x800344bc       0x48 d:/_Dev/devkitpro/libogc/lib/wii\libpng.a(pngmem.o)
                0x800344bc                png_malloc_default
 .text.png_malloc
                0x80034504       0x90 d:/_Dev/devkitpro/libogc/lib/wii\libpng.a(pngmem.o)
                0x80034504                png_malloc
 .text.png_malloc_warn
                0x80034594       0x54 d:/_Dev/devkitpro/libogc/lib/wii\libpng.a(pngmem.o)
                0x80034594                png_malloc_warn
 .text.png_create_struct_2
                0x800345e8       0x98 d:/_Dev/devkitpro/libogc/lib/wii\libpng.a(pngmem.o)
                0x800345e8                png_create_struct_2
 .text.png_create_struct
                0x80034680        0xc d:/_Dev/devkitpro/libogc/lib/wii\libpng.a(pngmem.o)
                0x80034680                png_create_struct
 .text.png_read_destroy
                0x8003468c      0x2d8 d:/_Dev/devkitpro/libogc/lib/wii\libpng.a(pngread.o)
                0x8003468c                png_read_destroy
 .text.png_destroy_read_struct
                0x80034964      0x130 d:/_Dev/devkitpro/libogc/lib/wii\libpng.a(pngread.o)
                0x80034964                png_destroy_read_struct
 .text.png_read_row
                0x80034a94      0x548 d:/_Dev/devkitpro/libogc/lib/wii\libpng.a(pngread.o)
                0x80034a94                png_read_row
 .text.png_read_image
                0x80034fdc       0xc4 d:/_Dev/devkitpro/libogc/lib/wii\libpng.a(pngread.o)
                0x80034fdc                png_read_image
 .text.png_read_update_info
                0x800350a0       0x64 d:/_Dev/devkitpro/libogc/lib/wii\libpng.a(pngread.o)
                0x800350a0                png_read_update_info
 .text.png_read_info
                0x80035104      0x6a4 d:/_Dev/devkitpro/libogc/lib/wii\libpng.a(pngread.o)
                0x80035104                png_read_info
 .text.png_create_read_struct_2
                0x800357a8      0x334 d:/_Dev/devkitpro/libogc/lib/wii\libpng.a(pngread.o)
                0x800357a8                png_create_read_struct_2
 .text.png_create_read_struct
                0x80035adc       0x10 d:/_Dev/devkitpro/libogc/lib/wii\libpng.a(pngread.o)
                0x80035adc                png_create_read_struct
 .text.png_set_read_fn
                0x80035aec       0x88 d:/_Dev/devkitpro/libogc/lib/wii\libpng.a(pngrio.o)
                0x80035aec                png_set_read_fn
 .text.png_default_read_data
                0x80035b74       0x60 d:/_Dev/devkitpro/libogc/lib/wii\libpng.a(pngrio.o)
                0x80035b74                png_default_read_data
 .text.png_read_data
                0x80035bd4       0x4c d:/_Dev/devkitpro/libogc/lib/wii\libpng.a(pngrio.o)
                0x80035bd4                png_read_data
 .text.png_set_strip_16
                0x80035c20       0x18 d:/_Dev/devkitpro/libogc/lib/wii\libpng.a(pngrtran.o)
                0x80035c20                png_set_strip_16
 .text.png_set_strip_alpha
                0x80035c38       0x18 d:/_Dev/devkitpro/libogc/lib/wii\libpng.a(pngrtran.o)
                0x80035c38                png_set_strip_alpha
 .text.png_set_gray_to_rgb
                0x80035c50       0x1c d:/_Dev/devkitpro/libogc/lib/wii\libpng.a(pngrtran.o)
                0x80035c50                png_set_gray_to_rgb
 .text.png_read_transform_info
                0x80035c6c      0x2dc d:/_Dev/devkitpro/libogc/lib/wii\libpng.a(pngrtran.o)
                0x80035c6c                png_read_transform_info
 .text.png_do_unpack
                0x80035f48      0x170 d:/_Dev/devkitpro/libogc/lib/wii\libpng.a(pngrtran.o)
                0x80035f48                png_do_unpack
 .text.png_do_unshift
                0x800360b8      0x218 d:/_Dev/devkitpro/libogc/lib/wii\libpng.a(pngrtran.o)
                0x800360b8                png_do_unshift
 .text.png_do_chop
                0x800362d0       0x98 d:/_Dev/devkitpro/libogc/lib/wii\libpng.a(pngrtran.o)
                0x800362d0                png_do_chop
 .text.png_do_read_swap_alpha
                0x80036368      0x130 d:/_Dev/devkitpro/libogc/lib/wii\libpng.a(pngrtran.o)
                0x80036368                png_do_read_swap_alpha
 .text.png_do_read_invert_alpha
                0x80036498       0xf8 d:/_Dev/devkitpro/libogc/lib/wii\libpng.a(pngrtran.o)
                0x80036498                png_do_read_invert_alpha
 .text.png_do_read_filler
                0x80036590      0x330 d:/_Dev/devkitpro/libogc/lib/wii\libpng.a(pngrtran.o)
                0x80036590                png_do_read_filler
 .text.png_do_gray_to_rgb
                0x800368c0      0x1f0 d:/_Dev/devkitpro/libogc/lib/wii\libpng.a(pngrtran.o)
                0x800368c0                png_do_gray_to_rgb
 .text.png_do_rgb_to_gray
                0x80036ab0      0x6b0 d:/_Dev/devkitpro/libogc/lib/wii\libpng.a(pngrtran.o)
                0x80036ab0                png_do_rgb_to_gray
 .text.png_do_gamma
                0x80037160      0x490 d:/_Dev/devkitpro/libogc/lib/wii\libpng.a(pngrtran.o)
                0x80037160                png_do_gamma
 .text.png_do_expand_palette
                0x800375f0      0x2c8 d:/_Dev/devkitpro/libogc/lib/wii\libpng.a(pngrtran.o)
                0x800375f0                png_do_expand_palette
 .text.png_do_expand
                0x800378b8      0x54c d:/_Dev/devkitpro/libogc/lib/wii\libpng.a(pngrtran.o)
                0x800378b8                png_do_expand
 .text.png_do_dither
                0x80037e04      0x150 d:/_Dev/devkitpro/libogc/lib/wii\libpng.a(pngrtran.o)
                0x80037e04                png_do_dither
 .text.png_do_read_intrapixel
                0x80037f54       0xf8 d:/_Dev/devkitpro/libogc/lib/wii\libpng.a(pngrtran.o)
                0x80037f54                png_do_read_intrapixel
 .text.png_build_gamma_table
                0x8003804c      0x928 d:/_Dev/devkitpro/libogc/lib/wii\libpng.a(pngrtran.o)
                0x8003804c                png_build_gamma_table
 .text.png_init_read_transformations
                0x80038974      0xc64 d:/_Dev/devkitpro/libogc/lib/wii\libpng.a(pngrtran.o)
                0x80038974                png_init_read_transformations
 .text.png_do_background
                0x800395d8     0x11cc d:/_Dev/devkitpro/libogc/lib/wii\libpng.a(pngrtran.o)
                0x800395d8                png_do_background
 .text.png_do_read_transformations
                0x8003a7a4      0x518 d:/_Dev/devkitpro/libogc/lib/wii\libpng.a(pngrtran.o)
                0x8003a7a4                png_do_read_transformations
 .text.png_get_uint_32
                0x8003acbc       0x2c d:/_Dev/devkitpro/libogc/lib/wii\libpng.a(pngrutil.o)
                0x8003acbc                png_get_uint_32
 .text.png_get_int_32
                0x8003ace8       0x2c d:/_Dev/devkitpro/libogc/lib/wii\libpng.a(pngrutil.o)
                0x8003ace8                png_get_int_32
 .text.png_get_uint_16
                0x8003ad14       0x1c d:/_Dev/devkitpro/libogc/lib/wii\libpng.a(pngrutil.o)
                0x8003ad14                png_get_uint_16
 .text.png_get_uint_31
                0x8003ad30       0x70 d:/_Dev/devkitpro/libogc/lib/wii\libpng.a(pngrutil.o)
                0x8003ad30                png_get_uint_31
 .text.png_read_start_row
                0x8003ada0      0x3b0 d:/_Dev/devkitpro/libogc/lib/wii\libpng.a(pngrutil.o)
                0x8003ada0                png_read_start_row
 .text.png_crc_error
                0x8003b150       0xb4 d:/_Dev/devkitpro/libogc/lib/wii\libpng.a(pngrutil.o)
                0x8003b150                png_crc_error
 .text.png_read_filter_row
                0x8003b204      0x2d0 d:/_Dev/devkitpro/libogc/lib/wii\libpng.a(pngrutil.o)
                0x8003b204                png_read_filter_row
 .text.png_do_read_interlace
                0x8003b4d4      0x48c d:/_Dev/devkitpro/libogc/lib/wii\libpng.a(pngrutil.o)
                0x8003b4d4                png_do_read_interlace
 .text.png_combine_row
                0x8003b960      0x414 d:/_Dev/devkitpro/libogc/lib/wii\libpng.a(pngrutil.o)
                0x8003b960                png_combine_row
 .text.png_check_chunk_name
                0x8003bd74       0xbc d:/_Dev/devkitpro/libogc/lib/wii\libpng.a(pngrutil.o)
                0x8003bd74                png_check_chunk_name
 .text.png_decompress_chunk
                0x8003be30      0x480 d:/_Dev/devkitpro/libogc/lib/wii\libpng.a(pngrutil.o)
                0x8003be30                png_decompress_chunk